<!doctype html public "-//w3c//dtd html 4.0 transitional//en">
<html><head>
<title>Static Call Graph - [FaderBankv1\FaderBankv1.axf]</title></head>
<body><HR>
<H1>Static Call Graph for image FaderBankv1\FaderBankv1.axf</H1><HR>
<BR><P>#&#060CALLGRAPH&#062# ARM Linker, 5060960: Last Updated: Mon May 02 15:24:54 2022
<BR><P>
<H3>Maximum Stack Usage =        216 bytes + Unknown(Functions without stacksize, Cycles, Untraceable Function Pointers)</H3><H3>
Call chain for Maximum Stack Depth:</H3>
__rt_entry_main &rArr; main &rArr; SystemClock_Config &rArr; HAL_RCC_ClockConfig &rArr; HAL_RCC_GetSysClockFreq &rArr; __aeabi_uldivmod
<P>
<H3>
Functions with no stack information
</H3><UL>
 <LI><a href="#[79]">__user_initial_stackheap</a>
</UL>
</UL>
<P>
<H3>
Mutually Recursive functions
</H3> <LI><a href="#[18]">ADC1_COMP_IRQHandler</a>&nbsp;&nbsp;&nbsp;&rArr;&nbsp;&nbsp;&nbsp;<a href="#[18]">ADC1_COMP_IRQHandler</a><BR>
 <LI><a href="#[8]">HardFault_Handler</a>&nbsp;&nbsp;&nbsp;&rArr;&nbsp;&nbsp;&nbsp;<a href="#[8]">HardFault_Handler</a><BR>
 <LI><a href="#[7]">NMI_Handler</a>&nbsp;&nbsp;&nbsp;&rArr;&nbsp;&nbsp;&nbsp;<a href="#[7]">NMI_Handler</a><BR>
</UL>
<P>
<H3>
Function Pointers
</H3><UL>
 <LI><a href="#[18]">ADC1_COMP_IRQHandler</a> from startup_stm32f072xb.o(.text) referenced from startup_stm32f072xb.o(RESET)
 <LI><a href="#[2a]">CEC_CAN_IRQHandler</a> from startup_stm32f072xb.o(.text) referenced from startup_stm32f072xb.o(RESET)
 <LI><a href="#[15]">DMA1_Channel1_IRQHandler</a> from startup_stm32f072xb.o(.text) referenced from startup_stm32f072xb.o(RESET)
 <LI><a href="#[16]">DMA1_Channel2_3_IRQHandler</a> from startup_stm32f072xb.o(.text) referenced from startup_stm32f072xb.o(RESET)
 <LI><a href="#[17]">DMA1_Channel4_5_6_7_IRQHandler</a> from startup_stm32f072xb.o(.text) referenced from startup_stm32f072xb.o(RESET)
 <LI><a href="#[11]">EXTI0_1_IRQHandler</a> from startup_stm32f072xb.o(.text) referenced from startup_stm32f072xb.o(RESET)
 <LI><a href="#[12]">EXTI2_3_IRQHandler</a> from startup_stm32f072xb.o(.text) referenced from startup_stm32f072xb.o(RESET)
 <LI><a href="#[13]">EXTI4_15_IRQHandler</a> from startup_stm32f072xb.o(.text) referenced from startup_stm32f072xb.o(RESET)
 <LI><a href="#[f]">FLASH_IRQHandler</a> from startup_stm32f072xb.o(.text) referenced from startup_stm32f072xb.o(RESET)
 <LI><a href="#[8]">HardFault_Handler</a> from stm32f0xx_it.o(i.HardFault_Handler) referenced from startup_stm32f072xb.o(RESET)
 <LI><a href="#[23]">I2C1_IRQHandler</a> from startup_stm32f072xb.o(.text) referenced from startup_stm32f072xb.o(RESET)
 <LI><a href="#[24]">I2C2_IRQHandler</a> from startup_stm32f072xb.o(.text) referenced from startup_stm32f072xb.o(RESET)
 <LI><a href="#[51]">MyLinRots_ErrorStateProcess</a> from tsl_user.o(i.MyLinRots_ErrorStateProcess) referenced from tsl_user.o(.constdata)
 <LI><a href="#[53]">MyLinRots_OffStateProcess</a> from tsl_user.o(i.MyLinRots_OffStateProcess) referenced from tsl_user.o(.constdata)
 <LI><a href="#[3f]">MyTKeys_ErrorStateProcess</a> from tsl_user.o(i.MyTKeys_ErrorStateProcess) referenced from tsl_user.o(.constdata)
 <LI><a href="#[41]">MyTKeys_OffStateProcess</a> from tsl_user.o(i.MyTKeys_OffStateProcess) referenced from tsl_user.o(.constdata)
 <LI><a href="#[7]">NMI_Handler</a> from stm32f0xx_it.o(i.NMI_Handler) referenced from startup_stm32f072xb.o(RESET)
 <LI><a href="#[d]">PVD_VDDIO2_IRQHandler</a> from startup_stm32f072xb.o(.text) referenced from startup_stm32f072xb.o(RESET)
 <LI><a href="#[a]">PendSV_Handler</a> from stm32f0xx_it.o(i.PendSV_Handler) referenced from startup_stm32f072xb.o(RESET)
 <LI><a href="#[10]">RCC_CRS_IRQHandler</a> from startup_stm32f072xb.o(.text) referenced from startup_stm32f072xb.o(RESET)
 <LI><a href="#[e]">RTC_IRQHandler</a> from startup_stm32f072xb.o(.text) referenced from startup_stm32f072xb.o(RESET)
 <LI><a href="#[6]">Reset_Handler</a> from startup_stm32f072xb.o(.text) referenced from startup_stm32f072xb.o(RESET)
 <LI><a href="#[25]">SPI1_IRQHandler</a> from startup_stm32f072xb.o(.text) referenced from startup_stm32f072xb.o(RESET)
 <LI><a href="#[26]">SPI2_IRQHandler</a> from startup_stm32f072xb.o(.text) referenced from startup_stm32f072xb.o(RESET)
 <LI><a href="#[9]">SVC_Handler</a> from stm32f0xx_it.o(i.SVC_Handler) referenced from startup_stm32f072xb.o(RESET)
 <LI><a href="#[b]">SysTick_Handler</a> from stm32f0xx_it.o(i.SysTick_Handler) referenced from startup_stm32f072xb.o(RESET)
 <LI><a href="#[2c]">SystemInit</a> from system_stm32f0xx.o(i.SystemInit) referenced from startup_stm32f072xb.o(.text)
 <LI><a href="#[1f]">TIM14_IRQHandler</a> from startup_stm32f072xb.o(.text) referenced from startup_stm32f072xb.o(RESET)
 <LI><a href="#[20]">TIM15_IRQHandler</a> from startup_stm32f072xb.o(.text) referenced from startup_stm32f072xb.o(RESET)
 <LI><a href="#[21]">TIM16_IRQHandler</a> from startup_stm32f072xb.o(.text) referenced from startup_stm32f072xb.o(RESET)
 <LI><a href="#[22]">TIM17_IRQHandler</a> from startup_stm32f072xb.o(.text) referenced from startup_stm32f072xb.o(RESET)
 <LI><a href="#[19]">TIM1_BRK_UP_TRG_COM_IRQHandler</a> from startup_stm32f072xb.o(.text) referenced from startup_stm32f072xb.o(RESET)
 <LI><a href="#[1a]">TIM1_CC_IRQHandler</a> from startup_stm32f072xb.o(.text) referenced from startup_stm32f072xb.o(RESET)
 <LI><a href="#[1b]">TIM2_IRQHandler</a> from startup_stm32f072xb.o(.text) referenced from startup_stm32f072xb.o(RESET)
 <LI><a href="#[1c]">TIM3_IRQHandler</a> from startup_stm32f072xb.o(.text) referenced from startup_stm32f072xb.o(RESET)
 <LI><a href="#[1d]">TIM6_DAC_IRQHandler</a> from startup_stm32f072xb.o(.text) referenced from startup_stm32f072xb.o(RESET)
 <LI><a href="#[1e]">TIM7_IRQHandler</a> from startup_stm32f072xb.o(.text) referenced from startup_stm32f072xb.o(RESET)
 <LI><a href="#[14]">TSC_IRQHandler</a> from startup_stm32f072xb.o(.text) referenced from startup_stm32f072xb.o(RESET)
 <LI><a href="#[56]">TSL_linrot_CalcPos</a> from tsl_linrot.o(i.TSL_linrot_CalcPos) referenced from tsl_user.o(.constdata)
 <LI><a href="#[44]">TSL_linrot_CalibrationStateProcess</a> from tsl_linrot.o(i.TSL_linrot_CalibrationStateProcess) referenced from tsl_user.o(.constdata)
 <LI><a href="#[45]">TSL_linrot_DebCalibrationStateProcess</a> from tsl_linrot.o(i.TSL_linrot_DebCalibrationStateProcess) referenced from tsl_user.o(.constdata)
 <LI><a href="#[4f]">TSL_linrot_DebDetectStateProcess</a> from tsl_linrot.o(i.TSL_linrot_DebDetectStateProcess) referenced from tsl_user.o(.constdata)
 <LI><a href="#[52]">TSL_linrot_DebErrorStateProcess</a> from tsl_linrot.o(i.TSL_linrot_DebErrorStateProcess) referenced 5 times from tsl_user.o(.constdata)
 <LI><a href="#[4c]">TSL_linrot_DebProxDetectStateProcess</a> from tsl_linrot.o(i.TSL_linrot_DebProxDetectStateProcess) referenced from tsl_user.o(.constdata)
 <LI><a href="#[4b]">TSL_linrot_DebProxStateProcess</a> from tsl_linrot.o(i.TSL_linrot_DebProxStateProcess) referenced from tsl_user.o(.constdata)
 <LI><a href="#[4d]">TSL_linrot_DebProxTouchStateProcess</a> from tsl_linrot.o(i.TSL_linrot_DebProxTouchStateProcess) referenced from tsl_user.o(.constdata)
 <LI><a href="#[48]">TSL_linrot_DebReleaseDetectStateProcess</a> from tsl_linrot.o(i.TSL_linrot_DebReleaseDetectStateProcess) referenced from tsl_user.o(.constdata)
 <LI><a href="#[47]">TSL_linrot_DebReleaseProxStateProcess</a> from tsl_linrot.o(i.TSL_linrot_DebReleaseProxStateProcess) referenced from tsl_user.o(.constdata)
 <LI><a href="#[49]">TSL_linrot_DebReleaseTouchStateProcess</a> from tsl_linrot.o(i.TSL_linrot_DebReleaseTouchStateProcess) referenced from tsl_user.o(.constdata)
 <LI><a href="#[4e]">TSL_linrot_DetectStateProcess</a> from tsl_linrot.o(i.TSL_linrot_DetectStateProcess) referenced from tsl_user.o(.constdata)
 <LI><a href="#[54]">TSL_linrot_Init</a> from tsl_linrot.o(i.TSL_linrot_Init) referenced from tsl_user.o(.constdata)
 <LI><a href="#[55]">TSL_linrot_Process</a> from tsl_linrot.o(i.TSL_linrot_Process) referenced from tsl_user.o(.constdata)
 <LI><a href="#[4a]">TSL_linrot_ProxStateProcess</a> from tsl_linrot.o(i.TSL_linrot_ProxStateProcess) referenced from tsl_user.o(.constdata)
 <LI><a href="#[46]">TSL_linrot_ReleaseStateProcess</a> from tsl_linrot.o(i.TSL_linrot_ReleaseStateProcess) referenced from tsl_user.o(.constdata)
 <LI><a href="#[31]">TSL_linrot_SetStateCalibration</a> from tsl_linrot.o(i.TSL_linrot_SetStateCalibration) referenced from tsl_ecs.o(i.TSL_ecs_ProcessK)
 <LI><a href="#[50]">TSL_linrot_TouchStateProcess</a> from tsl_linrot.o(i.TSL_linrot_TouchStateProcess) referenced from tsl_user.o(.constdata)
 <LI><a href="#[32]">TSL_tkey_CalibrationStateProcess</a> from tsl_touchkey.o(i.TSL_tkey_CalibrationStateProcess) referenced from tsl_user.o(.constdata)
 <LI><a href="#[33]">TSL_tkey_DebCalibrationStateProcess</a> from tsl_touchkey.o(i.TSL_tkey_DebCalibrationStateProcess) referenced from tsl_user.o(.constdata)
 <LI><a href="#[3d]">TSL_tkey_DebDetectStateProcess</a> from tsl_touchkey.o(i.TSL_tkey_DebDetectStateProcess) referenced from tsl_user.o(.constdata)
 <LI><a href="#[40]">TSL_tkey_DebErrorStateProcess</a> from tsl_touchkey.o(i.TSL_tkey_DebErrorStateProcess) referenced 5 times from tsl_user.o(.constdata)
 <LI><a href="#[3a]">TSL_tkey_DebProxDetectStateProcess</a> from tsl_touchkey.o(i.TSL_tkey_DebProxDetectStateProcess) referenced from tsl_user.o(.constdata)
 <LI><a href="#[39]">TSL_tkey_DebProxStateProcess</a> from tsl_touchkey.o(i.TSL_tkey_DebProxStateProcess) referenced from tsl_user.o(.constdata)
 <LI><a href="#[3b]">TSL_tkey_DebProxTouchStateProcess</a> from tsl_touchkey.o(i.TSL_tkey_DebProxTouchStateProcess) referenced from tsl_user.o(.constdata)
 <LI><a href="#[36]">TSL_tkey_DebReleaseDetectStateProcess</a> from tsl_touchkey.o(i.TSL_tkey_DebReleaseDetectStateProcess) referenced from tsl_user.o(.constdata)
 <LI><a href="#[35]">TSL_tkey_DebReleaseProxStateProcess</a> from tsl_touchkey.o(i.TSL_tkey_DebReleaseProxStateProcess) referenced from tsl_user.o(.constdata)
 <LI><a href="#[37]">TSL_tkey_DebReleaseTouchStateProcess</a> from tsl_touchkey.o(i.TSL_tkey_DebReleaseTouchStateProcess) referenced from tsl_user.o(.constdata)
 <LI><a href="#[3c]">TSL_tkey_DetectStateProcess</a> from tsl_touchkey.o(i.TSL_tkey_DetectStateProcess) referenced from tsl_user.o(.constdata)
 <LI><a href="#[42]">TSL_tkey_Init</a> from tsl_touchkey.o(i.TSL_tkey_Init) referenced from tsl_user.o(.constdata)
 <LI><a href="#[43]">TSL_tkey_Process</a> from tsl_touchkey.o(i.TSL_tkey_Process) referenced from tsl_user.o(.constdata)
 <LI><a href="#[38]">TSL_tkey_ProxStateProcess</a> from tsl_touchkey.o(i.TSL_tkey_ProxStateProcess) referenced from tsl_user.o(.constdata)
 <LI><a href="#[34]">TSL_tkey_ReleaseStateProcess</a> from tsl_touchkey.o(i.TSL_tkey_ReleaseStateProcess) referenced from tsl_user.o(.constdata)
 <LI><a href="#[30]">TSL_tkey_SetStateCalibration</a> from tsl_touchkey.o(i.TSL_tkey_SetStateCalibration) referenced from tsl_ecs.o(i.TSL_ecs_ProcessK)
 <LI><a href="#[3e]">TSL_tkey_TouchStateProcess</a> from tsl_touchkey.o(i.TSL_tkey_TouchStateProcess) referenced from tsl_user.o(.constdata)
 <LI><a href="#[27]">USART1_IRQHandler</a> from startup_stm32f072xb.o(.text) referenced from startup_stm32f072xb.o(RESET)
 <LI><a href="#[28]">USART2_IRQHandler</a> from startup_stm32f072xb.o(.text) referenced from startup_stm32f072xb.o(RESET)
 <LI><a href="#[29]">USART3_4_IRQHandler</a> from startup_stm32f072xb.o(.text) referenced from startup_stm32f072xb.o(RESET)
 <LI><a href="#[2b]">USB_IRQHandler</a> from startup_stm32f072xb.o(.text) referenced from startup_stm32f072xb.o(RESET)
 <LI><a href="#[c]">WWDG_IRQHandler</a> from startup_stm32f072xb.o(.text) referenced from startup_stm32f072xb.o(RESET)
 <LI><a href="#[57]">__main</a> from __main.o(!!!main) referenced from startup_stm32f072xb.o(.text)
 <LI><a href="#[2f]">_printf_input_char</a> from _printf_char_common.o(.text) referenced from _printf_char_common.o(.text)
 <LI><a href="#[2e]">_sputc</a> from _sputc.o(.text) referenced from __2sprintf.o(.text)
</UL>
<P>
<H3>
Global Symbols
</H3>
<P><STRONG><a name="[57]"></a>__main</STRONG> (Thumb, 8 bytes, Stack size 0 bytes, __main.o(!!!main))
<BR><BR>[Calls]<UL><LI><a href="#[59]">&gt;&gt;</a>&nbsp;&nbsp;&nbsp;__rt_entry
<LI><a href="#[58]">&gt;&gt;</a>&nbsp;&nbsp;&nbsp;__scatterload
</UL>

<P><STRONG><a name="[58]"></a>__scatterload</STRONG> (Thumb, 0 bytes, Stack size unknown bytes, __scatter.o(!!!scatter))
<BR><BR>[Called By]<UL><LI><a href="#[57]">&gt;&gt;</a>&nbsp;&nbsp;&nbsp;__main
</UL>

<P><STRONG><a name="[5a]"></a>__scatterload_rt2</STRONG> (Thumb, 52 bytes, Stack size unknown bytes, __scatter.o(!!!scatter), UNUSED)
<BR><BR>[Calls]<UL><LI><a href="#[59]">&gt;&gt;</a>&nbsp;&nbsp;&nbsp;__rt_entry
</UL>

<P><STRONG><a name="[cd]"></a>__scatterload_rt2_thumb_only</STRONG> (Thumb, 0 bytes, Stack size unknown bytes, __scatter.o(!!!scatter), UNUSED)

<P><STRONG><a name="[ce]"></a>__scatterload_null</STRONG> (Thumb, 0 bytes, Stack size unknown bytes, __scatter.o(!!!scatter), UNUSED)

<P><STRONG><a name="[5b]"></a>__scatterload_copy</STRONG> (Thumb, 26 bytes, Stack size unknown bytes, __scatter_copy.o(!!handler_copy), UNUSED)
<BR><BR>[Calls]<UL><LI><a href="#[5b]">&gt;&gt;</a>&nbsp;&nbsp;&nbsp;__scatterload_copy
</UL>
<BR>[Called By]<UL><LI><a href="#[5b]">&gt;&gt;</a>&nbsp;&nbsp;&nbsp;__scatterload_copy
</UL>

<P><STRONG><a name="[cf]"></a>__scatterload_zeroinit</STRONG> (Thumb, 28 bytes, Stack size unknown bytes, __scatter_zi.o(!!handler_zi), UNUSED)

<P><STRONG><a name="[6d]"></a>_printf_percent</STRONG> (Thumb, 0 bytes, Stack size unknown bytes, _printf_percent.o(.ARM.Collect$$_printf_percent$$00000000))
<BR><BR>[Called By]<UL><LI><a href="#[6c]">&gt;&gt;</a>&nbsp;&nbsp;&nbsp;__printf
</UL>

<P><STRONG><a name="[5c]"></a>_printf_d</STRONG> (Thumb, 0 bytes, Stack size unknown bytes, _printf_d.o(.ARM.Collect$$_printf_percent$$00000009))
<BR><BR>[Stack]<UL><LI>Max Depth = 72 + Unknown Stack Size
<LI>Call Chain = _printf_d &rArr; _printf_int_dec &rArr; _printf_int_common
</UL>
<BR>[Calls]<UL><LI><a href="#[5d]">&gt;&gt;</a>&nbsp;&nbsp;&nbsp;_printf_percent_end
<LI><a href="#[5e]">&gt;&gt;</a>&nbsp;&nbsp;&nbsp;_printf_int_dec
</UL>

<P><STRONG><a name="[5d]"></a>_printf_percent_end</STRONG> (Thumb, 0 bytes, Stack size unknown bytes, _printf_percent_end.o(.ARM.Collect$$_printf_percent$$00000017))
<BR><BR>[Called By]<UL><LI><a href="#[5c]">&gt;&gt;</a>&nbsp;&nbsp;&nbsp;_printf_d
</UL>

<P><STRONG><a name="[62]"></a>__rt_lib_init</STRONG> (Thumb, 0 bytes, Stack size unknown bytes, libinit.o(.ARM.Collect$$libinit$$00000000))
<BR><BR>[Called By]<UL><LI><a href="#[61]">&gt;&gt;</a>&nbsp;&nbsp;&nbsp;__rt_entry_li
</UL>

<P><STRONG><a name="[d0]"></a>__rt_lib_init_alloca_1</STRONG> (Thumb, 0 bytes, Stack size unknown bytes, libinit2.o(.ARM.Collect$$libinit$$0000002E))

<P><STRONG><a name="[d1]"></a>__rt_lib_init_argv_1</STRONG> (Thumb, 0 bytes, Stack size unknown bytes, libinit2.o(.ARM.Collect$$libinit$$0000002C))

<P><STRONG><a name="[d2]"></a>__rt_lib_init_atexit_1</STRONG> (Thumb, 0 bytes, Stack size unknown bytes, libinit2.o(.ARM.Collect$$libinit$$0000001B))

<P><STRONG><a name="[d3]"></a>__rt_lib_init_clock_1</STRONG> (Thumb, 0 bytes, Stack size unknown bytes, libinit2.o(.ARM.Collect$$libinit$$00000021))

<P><STRONG><a name="[d4]"></a>__rt_lib_init_cpp_1</STRONG> (Thumb, 0 bytes, Stack size unknown bytes, libinit2.o(.ARM.Collect$$libinit$$00000032))

<P><STRONG><a name="[d5]"></a>__rt_lib_init_exceptions_1</STRONG> (Thumb, 0 bytes, Stack size unknown bytes, libinit2.o(.ARM.Collect$$libinit$$00000030))

<P><STRONG><a name="[d6]"></a>__rt_lib_init_fp_1</STRONG> (Thumb, 0 bytes, Stack size unknown bytes, libinit2.o(.ARM.Collect$$libinit$$00000002))

<P><STRONG><a name="[d7]"></a>__rt_lib_init_fp_trap_1</STRONG> (Thumb, 0 bytes, Stack size unknown bytes, libinit2.o(.ARM.Collect$$libinit$$0000001F))

<P><STRONG><a name="[d8]"></a>__rt_lib_init_getenv_1</STRONG> (Thumb, 0 bytes, Stack size unknown bytes, libinit2.o(.ARM.Collect$$libinit$$00000023))

<P><STRONG><a name="[d9]"></a>__rt_lib_init_heap_1</STRONG> (Thumb, 0 bytes, Stack size unknown bytes, libinit2.o(.ARM.Collect$$libinit$$0000000A))

<P><STRONG><a name="[da]"></a>__rt_lib_init_lc_collate_1</STRONG> (Thumb, 0 bytes, Stack size unknown bytes, libinit2.o(.ARM.Collect$$libinit$$00000011))

<P><STRONG><a name="[db]"></a>__rt_lib_init_lc_ctype_1</STRONG> (Thumb, 0 bytes, Stack size unknown bytes, libinit2.o(.ARM.Collect$$libinit$$00000013))

<P><STRONG><a name="[dc]"></a>__rt_lib_init_lc_monetary_1</STRONG> (Thumb, 0 bytes, Stack size unknown bytes, libinit2.o(.ARM.Collect$$libinit$$00000015))

<P><STRONG><a name="[dd]"></a>__rt_lib_init_lc_numeric_1</STRONG> (Thumb, 0 bytes, Stack size unknown bytes, libinit2.o(.ARM.Collect$$libinit$$00000017))

<P><STRONG><a name="[de]"></a>__rt_lib_init_lc_time_1</STRONG> (Thumb, 0 bytes, Stack size unknown bytes, libinit2.o(.ARM.Collect$$libinit$$00000019))

<P><STRONG><a name="[df]"></a>__rt_lib_init_preinit_1</STRONG> (Thumb, 0 bytes, Stack size unknown bytes, libinit2.o(.ARM.Collect$$libinit$$00000004))

<P><STRONG><a name="[e0]"></a>__rt_lib_init_rand_1</STRONG> (Thumb, 0 bytes, Stack size unknown bytes, libinit2.o(.ARM.Collect$$libinit$$0000000E))

<P><STRONG><a name="[e1]"></a>__rt_lib_init_return</STRONG> (Thumb, 0 bytes, Stack size unknown bytes, libinit2.o(.ARM.Collect$$libinit$$00000033))

<P><STRONG><a name="[e2]"></a>__rt_lib_init_signal_1</STRONG> (Thumb, 0 bytes, Stack size unknown bytes, libinit2.o(.ARM.Collect$$libinit$$0000001D))

<P><STRONG><a name="[e3]"></a>__rt_lib_init_stdio_1</STRONG> (Thumb, 0 bytes, Stack size unknown bytes, libinit2.o(.ARM.Collect$$libinit$$00000025))

<P><STRONG><a name="[e4]"></a>__rt_lib_init_user_alloc_1</STRONG> (Thumb, 0 bytes, Stack size unknown bytes, libinit2.o(.ARM.Collect$$libinit$$0000000C))

<P><STRONG><a name="[67]"></a>__rt_lib_shutdown</STRONG> (Thumb, 0 bytes, Stack size unknown bytes, libshutdown.o(.ARM.Collect$$libshutdown$$00000000))
<BR><BR>[Called By]<UL><LI><a href="#[66]">&gt;&gt;</a>&nbsp;&nbsp;&nbsp;__rt_exit_ls
</UL>

<P><STRONG><a name="[e5]"></a>__rt_lib_shutdown_cpp_1</STRONG> (Thumb, 0 bytes, Stack size unknown bytes, libshutdown2.o(.ARM.Collect$$libshutdown$$00000004))

<P><STRONG><a name="[e6]"></a>__rt_lib_shutdown_fini_1</STRONG> (Thumb, 0 bytes, Stack size unknown bytes, libshutdown2.o(.ARM.Collect$$libshutdown$$00000002))

<P><STRONG><a name="[e7]"></a>__rt_lib_shutdown_fp_trap_1</STRONG> (Thumb, 0 bytes, Stack size unknown bytes, libshutdown2.o(.ARM.Collect$$libshutdown$$00000009))

<P><STRONG><a name="[e8]"></a>__rt_lib_shutdown_heap_1</STRONG> (Thumb, 0 bytes, Stack size unknown bytes, libshutdown2.o(.ARM.Collect$$libshutdown$$00000011))

<P><STRONG><a name="[e9]"></a>__rt_lib_shutdown_return</STRONG> (Thumb, 0 bytes, Stack size unknown bytes, libshutdown2.o(.ARM.Collect$$libshutdown$$00000012))

<P><STRONG><a name="[ea]"></a>__rt_lib_shutdown_signal_1</STRONG> (Thumb, 0 bytes, Stack size unknown bytes, libshutdown2.o(.ARM.Collect$$libshutdown$$0000000C))

<P><STRONG><a name="[eb]"></a>__rt_lib_shutdown_stdio_1</STRONG> (Thumb, 0 bytes, Stack size unknown bytes, libshutdown2.o(.ARM.Collect$$libshutdown$$00000006))

<P><STRONG><a name="[ec]"></a>__rt_lib_shutdown_user_alloc_1</STRONG> (Thumb, 0 bytes, Stack size unknown bytes, libshutdown2.o(.ARM.Collect$$libshutdown$$0000000E))

<P><STRONG><a name="[59]"></a>__rt_entry</STRONG> (Thumb, 0 bytes, Stack size unknown bytes, __rtentry.o(.ARM.Collect$$rtentry$$00000000))
<BR><BR>[Called By]<UL><LI><a href="#[57]">&gt;&gt;</a>&nbsp;&nbsp;&nbsp;__main
<LI><a href="#[5a]">&gt;&gt;</a>&nbsp;&nbsp;&nbsp;__scatterload_rt2
</UL>

<P><STRONG><a name="[ed]"></a>__rt_entry_presh_1</STRONG> (Thumb, 0 bytes, Stack size unknown bytes, __rtentry2.o(.ARM.Collect$$rtentry$$00000002))

<P><STRONG><a name="[5f]"></a>__rt_entry_sh</STRONG> (Thumb, 0 bytes, Stack size unknown bytes, __rtentry4.o(.ARM.Collect$$rtentry$$00000004))
<BR><BR>[Stack]<UL><LI>Max Depth = 8 + Unknown Stack Size
<LI>Call Chain = __rt_entry_sh &rArr; __user_setup_stackheap
</UL>
<BR>[Calls]<UL><LI><a href="#[60]">&gt;&gt;</a>&nbsp;&nbsp;&nbsp;__user_setup_stackheap
</UL>

<P><STRONG><a name="[61]"></a>__rt_entry_li</STRONG> (Thumb, 0 bytes, Stack size unknown bytes, __rtentry2.o(.ARM.Collect$$rtentry$$0000000A))
<BR><BR>[Calls]<UL><LI><a href="#[62]">&gt;&gt;</a>&nbsp;&nbsp;&nbsp;__rt_lib_init
</UL>

<P><STRONG><a name="[ee]"></a>__rt_entry_postsh_1</STRONG> (Thumb, 0 bytes, Stack size unknown bytes, __rtentry2.o(.ARM.Collect$$rtentry$$00000009))

<P><STRONG><a name="[63]"></a>__rt_entry_main</STRONG> (Thumb, 0 bytes, Stack size unknown bytes, __rtentry2.o(.ARM.Collect$$rtentry$$0000000D))
<BR><BR>[Stack]<UL><LI>Max Depth = 216 + Unknown Stack Size
<LI>Call Chain = __rt_entry_main &rArr; main &rArr; SystemClock_Config &rArr; HAL_RCC_ClockConfig &rArr; HAL_RCC_GetSysClockFreq &rArr; __aeabi_uldivmod
</UL>
<BR>[Calls]<UL><LI><a href="#[64]">&gt;&gt;</a>&nbsp;&nbsp;&nbsp;main
<LI><a href="#[65]">&gt;&gt;</a>&nbsp;&nbsp;&nbsp;exit
</UL>

<P><STRONG><a name="[ef]"></a>__rt_entry_postli_1</STRONG> (Thumb, 0 bytes, Stack size unknown bytes, __rtentry2.o(.ARM.Collect$$rtentry$$0000000C))

<P><STRONG><a name="[7b]"></a>__rt_exit</STRONG> (Thumb, 0 bytes, Stack size unknown bytes, rtexit.o(.ARM.Collect$$rtexit$$00000000))
<BR><BR>[Called By]<UL><LI><a href="#[65]">&gt;&gt;</a>&nbsp;&nbsp;&nbsp;exit
</UL>

<P><STRONG><a name="[66]"></a>__rt_exit_ls</STRONG> (Thumb, 0 bytes, Stack size unknown bytes, rtexit2.o(.ARM.Collect$$rtexit$$00000003))
<BR><BR>[Calls]<UL><LI><a href="#[67]">&gt;&gt;</a>&nbsp;&nbsp;&nbsp;__rt_lib_shutdown
</UL>

<P><STRONG><a name="[f0]"></a>__rt_exit_prels_1</STRONG> (Thumb, 0 bytes, Stack size unknown bytes, rtexit2.o(.ARM.Collect$$rtexit$$00000002))

<P><STRONG><a name="[68]"></a>__rt_exit_exit</STRONG> (Thumb, 0 bytes, Stack size unknown bytes, rtexit2.o(.ARM.Collect$$rtexit$$00000004))
<BR><BR>[Calls]<UL><LI><a href="#[69]">&gt;&gt;</a>&nbsp;&nbsp;&nbsp;_sys_exit
</UL>

<P><STRONG><a name="[8a]"></a>__aeabi_memcpy4</STRONG> (Thumb, 56 bytes, Stack size 0 bytes, rt_memcpy.o(.emb_text))
<BR><BR>[Called By]<UL><LI><a href="#[87]">&gt;&gt;</a>&nbsp;&nbsp;&nbsp;HAL_PCD_Init
</UL>

<P><STRONG><a name="[f1]"></a>__aeabi_memcpy8</STRONG> (Thumb, 0 bytes, Stack size 0 bytes, rt_memcpy.o(.emb_text), UNUSED)

<P><STRONG><a name="[6]"></a>Reset_Handler</STRONG> (Thumb, 8 bytes, Stack size 0 bytes, startup_stm32f072xb.o(.text))
<BR>[Address Reference Count : 1]<UL><LI> startup_stm32f072xb.o(RESET)
</UL>
<P><STRONG><a name="[18]"></a>ADC1_COMP_IRQHandler</STRONG> (Thumb, 0 bytes, Stack size 0 bytes, startup_stm32f072xb.o(.text))
<BR><BR>[Calls]<UL><LI><a href="#[18]">&gt;&gt;</a>&nbsp;&nbsp;&nbsp;ADC1_COMP_IRQHandler
</UL>
<BR>[Called By]<UL><LI><a href="#[18]">&gt;&gt;</a>&nbsp;&nbsp;&nbsp;ADC1_COMP_IRQHandler
</UL>
<BR>[Address Reference Count : 1]<UL><LI> startup_stm32f072xb.o(RESET)
</UL>
<P><STRONG><a name="[2a]"></a>CEC_CAN_IRQHandler</STRONG> (Thumb, 0 bytes, Stack size 0 bytes, startup_stm32f072xb.o(.text))
<BR>[Address Reference Count : 1]<UL><LI> startup_stm32f072xb.o(RESET)
</UL>
<P><STRONG><a name="[15]"></a>DMA1_Channel1_IRQHandler</STRONG> (Thumb, 0 bytes, Stack size 0 bytes, startup_stm32f072xb.o(.text))
<BR>[Address Reference Count : 1]<UL><LI> startup_stm32f072xb.o(RESET)
</UL>
<P><STRONG><a name="[16]"></a>DMA1_Channel2_3_IRQHandler</STRONG> (Thumb, 0 bytes, Stack size 0 bytes, startup_stm32f072xb.o(.text))
<BR>[Address Reference Count : 1]<UL><LI> startup_stm32f072xb.o(RESET)
</UL>
<P><STRONG><a name="[17]"></a>DMA1_Channel4_5_6_7_IRQHandler</STRONG> (Thumb, 0 bytes, Stack size 0 bytes, startup_stm32f072xb.o(.text))
<BR>[Address Reference Count : 1]<UL><LI> startup_stm32f072xb.o(RESET)
</UL>
<P><STRONG><a name="[11]"></a>EXTI0_1_IRQHandler</STRONG> (Thumb, 0 bytes, Stack size 0 bytes, startup_stm32f072xb.o(.text))
<BR>[Address Reference Count : 1]<UL><LI> startup_stm32f072xb.o(RESET)
</UL>
<P><STRONG><a name="[12]"></a>EXTI2_3_IRQHandler</STRONG> (Thumb, 0 bytes, Stack size 0 bytes, startup_stm32f072xb.o(.text))
<BR>[Address Reference Count : 1]<UL><LI> startup_stm32f072xb.o(RESET)
</UL>
<P><STRONG><a name="[13]"></a>EXTI4_15_IRQHandler</STRONG> (Thumb, 0 bytes, Stack size 0 bytes, startup_stm32f072xb.o(.text))
<BR>[Address Reference Count : 1]<UL><LI> startup_stm32f072xb.o(RESET)
</UL>
<P><STRONG><a name="[f]"></a>FLASH_IRQHandler</STRONG> (Thumb, 0 bytes, Stack size 0 bytes, startup_stm32f072xb.o(.text))
<BR>[Address Reference Count : 1]<UL><LI> startup_stm32f072xb.o(RESET)
</UL>
<P><STRONG><a name="[23]"></a>I2C1_IRQHandler</STRONG> (Thumb, 0 bytes, Stack size 0 bytes, startup_stm32f072xb.o(.text))
<BR>[Address Reference Count : 1]<UL><LI> startup_stm32f072xb.o(RESET)
</UL>
<P><STRONG><a name="[24]"></a>I2C2_IRQHandler</STRONG> (Thumb, 0 bytes, Stack size 0 bytes, startup_stm32f072xb.o(.text))
<BR>[Address Reference Count : 1]<UL><LI> startup_stm32f072xb.o(RESET)
</UL>
<P><STRONG><a name="[d]"></a>PVD_VDDIO2_IRQHandler</STRONG> (Thumb, 0 bytes, Stack size 0 bytes, startup_stm32f072xb.o(.text))
<BR>[Address Reference Count : 1]<UL><LI> startup_stm32f072xb.o(RESET)
</UL>
<P><STRONG><a name="[10]"></a>RCC_CRS_IRQHandler</STRONG> (Thumb, 0 bytes, Stack size 0 bytes, startup_stm32f072xb.o(.text))
<BR>[Address Reference Count : 1]<UL><LI> startup_stm32f072xb.o(RESET)
</UL>
<P><STRONG><a name="[e]"></a>RTC_IRQHandler</STRONG> (Thumb, 0 bytes, Stack size 0 bytes, startup_stm32f072xb.o(.text))
<BR>[Address Reference Count : 1]<UL><LI> startup_stm32f072xb.o(RESET)
</UL>
<P><STRONG><a name="[25]"></a>SPI1_IRQHandler</STRONG> (Thumb, 0 bytes, Stack size 0 bytes, startup_stm32f072xb.o(.text))
<BR>[Address Reference Count : 1]<UL><LI> startup_stm32f072xb.o(RESET)
</UL>
<P><STRONG><a name="[26]"></a>SPI2_IRQHandler</STRONG> (Thumb, 0 bytes, Stack size 0 bytes, startup_stm32f072xb.o(.text))
<BR>[Address Reference Count : 1]<UL><LI> startup_stm32f072xb.o(RESET)
</UL>
<P><STRONG><a name="[1f]"></a>TIM14_IRQHandler</STRONG> (Thumb, 0 bytes, Stack size 0 bytes, startup_stm32f072xb.o(.text))
<BR>[Address Reference Count : 1]<UL><LI> startup_stm32f072xb.o(RESET)
</UL>
<P><STRONG><a name="[20]"></a>TIM15_IRQHandler</STRONG> (Thumb, 0 bytes, Stack size 0 bytes, startup_stm32f072xb.o(.text))
<BR>[Address Reference Count : 1]<UL><LI> startup_stm32f072xb.o(RESET)
</UL>
<P><STRONG><a name="[21]"></a>TIM16_IRQHandler</STRONG> (Thumb, 0 bytes, Stack size 0 bytes, startup_stm32f072xb.o(.text))
<BR>[Address Reference Count : 1]<UL><LI> startup_stm32f072xb.o(RESET)
</UL>
<P><STRONG><a name="[22]"></a>TIM17_IRQHandler</STRONG> (Thumb, 0 bytes, Stack size 0 bytes, startup_stm32f072xb.o(.text))
<BR>[Address Reference Count : 1]<UL><LI> startup_stm32f072xb.o(RESET)
</UL>
<P><STRONG><a name="[19]"></a>TIM1_BRK_UP_TRG_COM_IRQHandler</STRONG> (Thumb, 0 bytes, Stack size 0 bytes, startup_stm32f072xb.o(.text))
<BR>[Address Reference Count : 1]<UL><LI> startup_stm32f072xb.o(RESET)
</UL>
<P><STRONG><a name="[1a]"></a>TIM1_CC_IRQHandler</STRONG> (Thumb, 0 bytes, Stack size 0 bytes, startup_stm32f072xb.o(.text))
<BR>[Address Reference Count : 1]<UL><LI> startup_stm32f072xb.o(RESET)
</UL>
<P><STRONG><a name="[1b]"></a>TIM2_IRQHandler</STRONG> (Thumb, 0 bytes, Stack size 0 bytes, startup_stm32f072xb.o(.text))
<BR>[Address Reference Count : 1]<UL><LI> startup_stm32f072xb.o(RESET)
</UL>
<P><STRONG><a name="[1c]"></a>TIM3_IRQHandler</STRONG> (Thumb, 0 bytes, Stack size 0 bytes, startup_stm32f072xb.o(.text))
<BR>[Address Reference Count : 1]<UL><LI> startup_stm32f072xb.o(RESET)
</UL>
<P><STRONG><a name="[1d]"></a>TIM6_DAC_IRQHandler</STRONG> (Thumb, 0 bytes, Stack size 0 bytes, startup_stm32f072xb.o(.text))
<BR>[Address Reference Count : 1]<UL><LI> startup_stm32f072xb.o(RESET)
</UL>
<P><STRONG><a name="[1e]"></a>TIM7_IRQHandler</STRONG> (Thumb, 0 bytes, Stack size 0 bytes, startup_stm32f072xb.o(.text))
<BR>[Address Reference Count : 1]<UL><LI> startup_stm32f072xb.o(RESET)
</UL>
<P><STRONG><a name="[14]"></a>TSC_IRQHandler</STRONG> (Thumb, 0 bytes, Stack size 0 bytes, startup_stm32f072xb.o(.text))
<BR>[Address Reference Count : 1]<UL><LI> startup_stm32f072xb.o(RESET)
</UL>
<P><STRONG><a name="[27]"></a>USART1_IRQHandler</STRONG> (Thumb, 0 bytes, Stack size 0 bytes, startup_stm32f072xb.o(.text))
<BR>[Address Reference Count : 1]<UL><LI> startup_stm32f072xb.o(RESET)
</UL>
<P><STRONG><a name="[28]"></a>USART2_IRQHandler</STRONG> (Thumb, 0 bytes, Stack size 0 bytes, startup_stm32f072xb.o(.text))
<BR>[Address Reference Count : 1]<UL><LI> startup_stm32f072xb.o(RESET)
</UL>
<P><STRONG><a name="[29]"></a>USART3_4_IRQHandler</STRONG> (Thumb, 0 bytes, Stack size 0 bytes, startup_stm32f072xb.o(.text))
<BR>[Address Reference Count : 1]<UL><LI> startup_stm32f072xb.o(RESET)
</UL>
<P><STRONG><a name="[2b]"></a>USB_IRQHandler</STRONG> (Thumb, 0 bytes, Stack size 0 bytes, startup_stm32f072xb.o(.text))
<BR>[Address Reference Count : 1]<UL><LI> startup_stm32f072xb.o(RESET)
</UL>
<P><STRONG><a name="[c]"></a>WWDG_IRQHandler</STRONG> (Thumb, 0 bytes, Stack size 0 bytes, startup_stm32f072xb.o(.text))
<BR>[Address Reference Count : 1]<UL><LI> startup_stm32f072xb.o(RESET)
</UL>
<P><STRONG><a name="[79]"></a>__user_initial_stackheap</STRONG> (Thumb, 0 bytes, Stack size unknown bytes, startup_stm32f072xb.o(.text))
<BR><BR>[Called By]<UL><LI><a href="#[60]">&gt;&gt;</a>&nbsp;&nbsp;&nbsp;__user_setup_stackheap
</UL>

<P><STRONG><a name="[91]"></a>__aeabi_uldivmod</STRONG> (Thumb, 258 bytes, Stack size 32 bytes, lludiv.o(.text))
<BR><BR>[Stack]<UL><LI>Max Depth = 32<LI>Call Chain = __aeabi_uldivmod
</UL>
<BR>[Called By]<UL><LI><a href="#[90]">&gt;&gt;</a>&nbsp;&nbsp;&nbsp;HAL_RCC_GetSysClockFreq
</UL>

<P><STRONG><a name="[f2]"></a>_ll_udiv</STRONG> (Thumb, 0 bytes, Stack size 32 bytes, lludiv.o(.text), UNUSED)

<P><STRONG><a name="[6a]"></a>__2sprintf</STRONG> (Thumb, 40 bytes, Stack size 32 bytes, __2sprintf.o(.text))
<BR><BR>[Stack]<UL><LI>Max Depth = 120 + Unknown Stack Size
<LI>Call Chain = __2sprintf &rArr; _printf_char_common &rArr; __printf
</UL>
<BR>[Calls]<UL><LI><a href="#[2e]">&gt;&gt;</a>&nbsp;&nbsp;&nbsp;_sputc
<LI><a href="#[6b]">&gt;&gt;</a>&nbsp;&nbsp;&nbsp;_printf_char_common
</UL>
<BR>[Called By]<UL><LI><a href="#[64]">&gt;&gt;</a>&nbsp;&nbsp;&nbsp;main
</UL>

<P><STRONG><a name="[6c]"></a>__printf</STRONG> (Thumb, 108 bytes, Stack size 24 bytes, __printf.o(.text))
<BR><BR>[Stack]<UL><LI>Max Depth = 24 + Unknown Stack Size
<LI>Call Chain = __printf
</UL>
<BR>[Calls]<UL><LI><a href="#[6d]">&gt;&gt;</a>&nbsp;&nbsp;&nbsp;_printf_percent
</UL>
<BR>[Called By]<UL><LI><a href="#[6b]">&gt;&gt;</a>&nbsp;&nbsp;&nbsp;_printf_char_common
</UL>

<P><STRONG><a name="[5e]"></a>_printf_int_dec</STRONG> (Thumb, 90 bytes, Stack size 32 bytes, _printf_dec.o(.text))
<BR><BR>[Stack]<UL><LI>Max Depth = 72<LI>Call Chain = _printf_int_dec &rArr; _printf_int_common
</UL>
<BR>[Calls]<UL><LI><a href="#[70]">&gt;&gt;</a>&nbsp;&nbsp;&nbsp;__rt_udiv10
<LI><a href="#[71]">&gt;&gt;</a>&nbsp;&nbsp;&nbsp;_printf_int_common
<LI><a href="#[6f]">&gt;&gt;</a>&nbsp;&nbsp;&nbsp;_printf_truncate_unsigned (Weak Reference)
<LI><a href="#[6e]">&gt;&gt;</a>&nbsp;&nbsp;&nbsp;_printf_truncate_signed (Weak Reference)
</UL>
<BR>[Called By]<UL><LI><a href="#[5c]">&gt;&gt;</a>&nbsp;&nbsp;&nbsp;_printf_d
</UL>

<P><STRONG><a name="[73]"></a>_memset_w</STRONG> (Thumb, 26 bytes, Stack size 0 bytes, rt_memclr.o(.text), UNUSED)
<BR><BR>[Called By]<UL><LI><a href="#[75]">&gt;&gt;</a>&nbsp;&nbsp;&nbsp;__rt_memclr_w
<LI><a href="#[72]">&gt;&gt;</a>&nbsp;&nbsp;&nbsp;_memset
</UL>

<P><STRONG><a name="[72]"></a>_memset</STRONG> (Thumb, 30 bytes, Stack size 0 bytes, rt_memclr.o(.text), UNUSED)
<BR><BR>[Calls]<UL><LI><a href="#[73]">&gt;&gt;</a>&nbsp;&nbsp;&nbsp;_memset_w
</UL>
<BR>[Called By]<UL><LI><a href="#[74]">&gt;&gt;</a>&nbsp;&nbsp;&nbsp;__aeabi_memclr
</UL>

<P><STRONG><a name="[74]"></a>__aeabi_memclr</STRONG> (Thumb, 4 bytes, Stack size 0 bytes, rt_memclr.o(.text), UNUSED)
<BR><BR>[Calls]<UL><LI><a href="#[72]">&gt;&gt;</a>&nbsp;&nbsp;&nbsp;_memset
</UL>

<P><STRONG><a name="[f3]"></a>__rt_memclr</STRONG> (Thumb, 0 bytes, Stack size 0 bytes, rt_memclr.o(.text), UNUSED)

<P><STRONG><a name="[7e]"></a>__aeabi_memclr4</STRONG> (Thumb, 0 bytes, Stack size 0 bytes, rt_memclr.o(.text))
<BR><BR>[Called By]<UL><LI><a href="#[98]">&gt;&gt;</a>&nbsp;&nbsp;&nbsp;HAL_UART_MspInit
<LI><a href="#[95]">&gt;&gt;</a>&nbsp;&nbsp;&nbsp;HAL_TSC_MspInit
<LI><a href="#[7d]">&gt;&gt;</a>&nbsp;&nbsp;&nbsp;HAL_I2C_MspInit
<LI><a href="#[a9]">&gt;&gt;</a>&nbsp;&nbsp;&nbsp;SystemClock_Config
<LI><a href="#[9e]">&gt;&gt;</a>&nbsp;&nbsp;&nbsp;MX_GPIO_Init
</UL>

<P><STRONG><a name="[f4]"></a>__aeabi_memclr8</STRONG> (Thumb, 0 bytes, Stack size 0 bytes, rt_memclr.o(.text), UNUSED)

<P><STRONG><a name="[75]"></a>__rt_memclr_w</STRONG> (Thumb, 4 bytes, Stack size 0 bytes, rt_memclr.o(.text), UNUSED)
<BR><BR>[Calls]<UL><LI><a href="#[73]">&gt;&gt;</a>&nbsp;&nbsp;&nbsp;_memset_w
</UL>

<P><STRONG><a name="[f5]"></a>__aeabi_uidiv</STRONG> (Thumb, 0 bytes, Stack size 0 bytes, aeabi_sdiv.o(.text), UNUSED)

<P><STRONG><a name="[83]"></a>__aeabi_uidivmod</STRONG> (Thumb, 20 bytes, Stack size 0 bytes, aeabi_sdiv.o(.text))
<BR><BR>[Called By]<UL><LI><a href="#[56]">&gt;&gt;</a>&nbsp;&nbsp;&nbsp;TSL_linrot_CalcPos
<LI><a href="#[aa]">&gt;&gt;</a>&nbsp;&nbsp;&nbsp;TSL_Init
<LI><a href="#[81]">&gt;&gt;</a>&nbsp;&nbsp;&nbsp;HAL_InitTick
<LI><a href="#[99]">&gt;&gt;</a>&nbsp;&nbsp;&nbsp;UART_SetConfig
</UL>

<P><STRONG><a name="[f6]"></a>__aeabi_idiv</STRONG> (Thumb, 0 bytes, Stack size 8 bytes, aeabi_sdiv.o(.text), UNUSED)

<P><STRONG><a name="[f7]"></a>__aeabi_idivmod</STRONG> (Thumb, 326 bytes, Stack size 8 bytes, aeabi_sdiv.o(.text), UNUSED)

<P><STRONG><a name="[f8]"></a>__use_two_region_memory</STRONG> (Thumb, 2 bytes, Stack size 0 bytes, heapauxi.o(.text), UNUSED)

<P><STRONG><a name="[f9]"></a>__rt_heap_escrow$2region</STRONG> (Thumb, 2 bytes, Stack size 0 bytes, heapauxi.o(.text), UNUSED)

<P><STRONG><a name="[fa]"></a>__rt_heap_expand$2region</STRONG> (Thumb, 2 bytes, Stack size 0 bytes, heapauxi.o(.text), UNUSED)

<P><STRONG><a name="[71]"></a>_printf_int_common</STRONG> (Thumb, 176 bytes, Stack size 40 bytes, _printf_intcommon.o(.text))
<BR><BR>[Stack]<UL><LI>Max Depth = 40<LI>Call Chain = _printf_int_common
</UL>
<BR>[Calls]<UL><LI><a href="#[76]">&gt;&gt;</a>&nbsp;&nbsp;&nbsp;_printf_pre_padding (Weak Reference)
<LI><a href="#[77]">&gt;&gt;</a>&nbsp;&nbsp;&nbsp;_printf_post_padding (Weak Reference)
</UL>
<BR>[Called By]<UL><LI><a href="#[5e]">&gt;&gt;</a>&nbsp;&nbsp;&nbsp;_printf_int_dec
</UL>

<P><STRONG><a name="[6b]"></a>_printf_char_common</STRONG> (Thumb, 32 bytes, Stack size 64 bytes, _printf_char_common.o(.text))
<BR><BR>[Stack]<UL><LI>Max Depth = 88 + Unknown Stack Size
<LI>Call Chain = _printf_char_common &rArr; __printf
</UL>
<BR>[Calls]<UL><LI><a href="#[6c]">&gt;&gt;</a>&nbsp;&nbsp;&nbsp;__printf
</UL>
<BR>[Called By]<UL><LI><a href="#[6a]">&gt;&gt;</a>&nbsp;&nbsp;&nbsp;__2sprintf
</UL>

<P><STRONG><a name="[2e]"></a>_sputc</STRONG> (Thumb, 10 bytes, Stack size 0 bytes, _sputc.o(.text))
<BR><BR>[Called By]<UL><LI><a href="#[6a]">&gt;&gt;</a>&nbsp;&nbsp;&nbsp;__2sprintf
</UL>
<BR>[Address Reference Count : 1]<UL><LI> __2sprintf.o(.text)
</UL>
<P><STRONG><a name="[70]"></a>__rt_udiv10</STRONG> (Thumb, 40 bytes, Stack size 0 bytes, rtudiv10.o(.text))
<BR><BR>[Called By]<UL><LI><a href="#[5e]">&gt;&gt;</a>&nbsp;&nbsp;&nbsp;_printf_int_dec
</UL>

<P><STRONG><a name="[60]"></a>__user_setup_stackheap</STRONG> (Thumb, 62 bytes, Stack size 8 bytes, sys_stackheap_outer.o(.text))
<BR><BR>[Stack]<UL><LI>Max Depth = 8 + Unknown Stack Size
<LI>Call Chain = __user_setup_stackheap
</UL>
<BR>[Calls]<UL><LI><a href="#[79]">&gt;&gt;</a>&nbsp;&nbsp;&nbsp;__user_initial_stackheap
<LI><a href="#[78]">&gt;&gt;</a>&nbsp;&nbsp;&nbsp;__user_perproc_libspace
</UL>
<BR>[Called By]<UL><LI><a href="#[5f]">&gt;&gt;</a>&nbsp;&nbsp;&nbsp;__rt_entry_sh
</UL>

<P><STRONG><a name="[65]"></a>exit</STRONG> (Thumb, 16 bytes, Stack size 8 bytes, exit.o(.text))
<BR><BR>[Stack]<UL><LI>Max Depth = 8 + Unknown Stack Size
<LI>Call Chain = exit
</UL>
<BR>[Calls]<UL><LI><a href="#[7b]">&gt;&gt;</a>&nbsp;&nbsp;&nbsp;__rt_exit
<LI><a href="#[7a]">&gt;&gt;</a>&nbsp;&nbsp;&nbsp;_call_atexit_fns (Weak Reference)
</UL>
<BR>[Called By]<UL><LI><a href="#[63]">&gt;&gt;</a>&nbsp;&nbsp;&nbsp;__rt_entry_main
</UL>

<P><STRONG><a name="[fb]"></a>__user_libspace</STRONG> (Thumb, 8 bytes, Stack size 0 bytes, libspace.o(.text), UNUSED)

<P><STRONG><a name="[78]"></a>__user_perproc_libspace</STRONG> (Thumb, 0 bytes, Stack size 0 bytes, libspace.o(.text))
<BR><BR>[Called By]<UL><LI><a href="#[60]">&gt;&gt;</a>&nbsp;&nbsp;&nbsp;__user_setup_stackheap
</UL>

<P><STRONG><a name="[fc]"></a>__user_perthread_libspace</STRONG> (Thumb, 0 bytes, Stack size 0 bytes, libspace.o(.text), UNUSED)

<P><STRONG><a name="[69]"></a>_sys_exit</STRONG> (Thumb, 8 bytes, Stack size 0 bytes, sys_exit.o(.text))
<BR><BR>[Called By]<UL><LI><a href="#[68]">&gt;&gt;</a>&nbsp;&nbsp;&nbsp;__rt_exit_exit
</UL>

<P><STRONG><a name="[fd]"></a>__I$use$semihosting</STRONG> (Thumb, 0 bytes, Stack size 0 bytes, use_no_semi.o(.text), UNUSED)

<P><STRONG><a name="[fe]"></a>__use_no_semihosting_swi</STRONG> (Thumb, 2 bytes, Stack size 0 bytes, use_no_semi.o(.text), UNUSED)

<P><STRONG><a name="[ff]"></a>__semihosting_library_function</STRONG> (Thumb, 0 bytes, Stack size unknown bytes, indicate_semi.o(.text), UNUSED)

<P><STRONG><a name="[7f]"></a>HAL_GPIO_Init</STRONG> (Thumb, 406 bytes, Stack size 24 bytes, stm32f0xx_hal_gpio.o(i.HAL_GPIO_Init))
<BR><BR>[Stack]<UL><LI>Max Depth = 24<LI>Call Chain = HAL_GPIO_Init
</UL>
<BR>[Called By]<UL><LI><a href="#[98]">&gt;&gt;</a>&nbsp;&nbsp;&nbsp;HAL_UART_MspInit
<LI><a href="#[95]">&gt;&gt;</a>&nbsp;&nbsp;&nbsp;HAL_TSC_MspInit
<LI><a href="#[7d]">&gt;&gt;</a>&nbsp;&nbsp;&nbsp;HAL_I2C_MspInit
<LI><a href="#[9e]">&gt;&gt;</a>&nbsp;&nbsp;&nbsp;MX_GPIO_Init
</UL>

<P><STRONG><a name="[c8]"></a>HAL_GPIO_TogglePin</STRONG> (Thumb, 16 bytes, Stack size 0 bytes, stm32f0xx_hal_gpio.o(i.HAL_GPIO_TogglePin))
<BR><BR>[Called By]<UL><LI><a href="#[64]">&gt;&gt;</a>&nbsp;&nbsp;&nbsp;main
</UL>

<P><STRONG><a name="[9f]"></a>HAL_GPIO_WritePin</STRONG> (Thumb, 12 bytes, Stack size 0 bytes, stm32f0xx_hal_gpio.o(i.HAL_GPIO_WritePin))
<BR><BR>[Called By]<UL><LI><a href="#[64]">&gt;&gt;</a>&nbsp;&nbsp;&nbsp;main
<LI><a href="#[9e]">&gt;&gt;</a>&nbsp;&nbsp;&nbsp;MX_GPIO_Init
</UL>

<P><STRONG><a name="[8e]"></a>HAL_GetTick</STRONG> (Thumb, 6 bytes, Stack size 0 bytes, stm32f0xx_hal.o(i.HAL_GetTick))
<BR><BR>[Called By]<UL><LI><a href="#[9c]">&gt;&gt;</a>&nbsp;&nbsp;&nbsp;HAL_UART_Transmit
<LI><a href="#[93]">&gt;&gt;</a>&nbsp;&nbsp;&nbsp;HAL_RCC_OscConfig
<LI><a href="#[8f]">&gt;&gt;</a>&nbsp;&nbsp;&nbsp;HAL_RCC_ClockConfig
<LI><a href="#[8d]">&gt;&gt;</a>&nbsp;&nbsp;&nbsp;HAL_RCCEx_PeriphCLKConfig
<LI><a href="#[9d]">&gt;&gt;</a>&nbsp;&nbsp;&nbsp;UART_WaitOnFlagUntilTimeout
<LI><a href="#[9b]">&gt;&gt;</a>&nbsp;&nbsp;&nbsp;UART_CheckIdleState
</UL>

<P><STRONG><a name="[a1]"></a>HAL_I2CEx_ConfigAnalogFilter</STRONG> (Thumb, 74 bytes, Stack size 16 bytes, stm32f0xx_hal_i2c_ex.o(i.HAL_I2CEx_ConfigAnalogFilter))
<BR><BR>[Stack]<UL><LI>Max Depth = 16<LI>Call Chain = HAL_I2CEx_ConfigAnalogFilter
</UL>
<BR>[Called By]<UL><LI><a href="#[a0]">&gt;&gt;</a>&nbsp;&nbsp;&nbsp;MX_I2C1_Init
</UL>

<P><STRONG><a name="[a2]"></a>HAL_I2CEx_ConfigDigitalFilter</STRONG> (Thumb, 72 bytes, Stack size 16 bytes, stm32f0xx_hal_i2c_ex.o(i.HAL_I2CEx_ConfigDigitalFilter))
<BR><BR>[Stack]<UL><LI>Max Depth = 16<LI>Call Chain = HAL_I2CEx_ConfigDigitalFilter
</UL>
<BR>[Called By]<UL><LI><a href="#[a0]">&gt;&gt;</a>&nbsp;&nbsp;&nbsp;MX_I2C1_Init
</UL>

<P><STRONG><a name="[7c]"></a>HAL_I2C_Init</STRONG> (Thumb, 176 bytes, Stack size 16 bytes, stm32f0xx_hal_i2c.o(i.HAL_I2C_Init))
<BR><BR>[Stack]<UL><LI>Max Depth = 72<LI>Call Chain = HAL_I2C_Init &rArr; HAL_I2C_MspInit &rArr; HAL_GPIO_Init
</UL>
<BR>[Calls]<UL><LI><a href="#[7d]">&gt;&gt;</a>&nbsp;&nbsp;&nbsp;HAL_I2C_MspInit
</UL>
<BR>[Called By]<UL><LI><a href="#[a0]">&gt;&gt;</a>&nbsp;&nbsp;&nbsp;MX_I2C1_Init
</UL>

<P><STRONG><a name="[7d]"></a>HAL_I2C_MspInit</STRONG> (Thumb, 90 bytes, Stack size 32 bytes, stm32f0xx_hal_msp.o(i.HAL_I2C_MspInit))
<BR><BR>[Stack]<UL><LI>Max Depth = 56<LI>Call Chain = HAL_I2C_MspInit &rArr; HAL_GPIO_Init
</UL>
<BR>[Calls]<UL><LI><a href="#[7f]">&gt;&gt;</a>&nbsp;&nbsp;&nbsp;HAL_GPIO_Init
<LI><a href="#[7e]">&gt;&gt;</a>&nbsp;&nbsp;&nbsp;__aeabi_memclr4
</UL>
<BR>[Called By]<UL><LI><a href="#[7c]">&gt;&gt;</a>&nbsp;&nbsp;&nbsp;HAL_I2C_Init
</UL>

<P><STRONG><a name="[a7]"></a>HAL_IncTick</STRONG> (Thumb, 12 bytes, Stack size 0 bytes, stm32f0xx_hal.o(i.HAL_IncTick))
<BR><BR>[Called By]<UL><LI><a href="#[b]">&gt;&gt;</a>&nbsp;&nbsp;&nbsp;SysTick_Handler
</UL>

<P><STRONG><a name="[80]"></a>HAL_Init</STRONG> (Thumb, 26 bytes, Stack size 8 bytes, stm32f0xx_hal.o(i.HAL_Init))
<BR><BR>[Stack]<UL><LI>Max Depth = 32<LI>Call Chain = HAL_Init &rArr; HAL_InitTick &rArr; HAL_SYSTICK_Config
</UL>
<BR>[Calls]<UL><LI><a href="#[82]">&gt;&gt;</a>&nbsp;&nbsp;&nbsp;HAL_MspInit
<LI><a href="#[81]">&gt;&gt;</a>&nbsp;&nbsp;&nbsp;HAL_InitTick
</UL>
<BR>[Called By]<UL><LI><a href="#[64]">&gt;&gt;</a>&nbsp;&nbsp;&nbsp;main
</UL>

<P><STRONG><a name="[81]"></a>HAL_InitTick</STRONG> (Thumb, 58 bytes, Stack size 16 bytes, stm32f0xx_hal.o(i.HAL_InitTick))
<BR><BR>[Stack]<UL><LI>Max Depth = 24<LI>Call Chain = HAL_InitTick &rArr; HAL_SYSTICK_Config
</UL>
<BR>[Calls]<UL><LI><a href="#[84]">&gt;&gt;</a>&nbsp;&nbsp;&nbsp;HAL_SYSTICK_Config
<LI><a href="#[85]">&gt;&gt;</a>&nbsp;&nbsp;&nbsp;HAL_NVIC_SetPriority
<LI><a href="#[83]">&gt;&gt;</a>&nbsp;&nbsp;&nbsp;__aeabi_uidivmod
</UL>
<BR>[Called By]<UL><LI><a href="#[8f]">&gt;&gt;</a>&nbsp;&nbsp;&nbsp;HAL_RCC_ClockConfig
<LI><a href="#[80]">&gt;&gt;</a>&nbsp;&nbsp;&nbsp;HAL_Init
</UL>

<P><STRONG><a name="[82]"></a>HAL_MspInit</STRONG> (Thumb, 34 bytes, Stack size 8 bytes, stm32f0xx_hal_msp.o(i.HAL_MspInit))
<BR><BR>[Stack]<UL><LI>Max Depth = 8<LI>Call Chain = HAL_MspInit
</UL>
<BR>[Called By]<UL><LI><a href="#[80]">&gt;&gt;</a>&nbsp;&nbsp;&nbsp;HAL_Init
</UL>

<P><STRONG><a name="[85]"></a>HAL_NVIC_SetPriority</STRONG> (Thumb, 8 bytes, Stack size 8 bytes, stm32f0xx_hal_cortex.o(i.HAL_NVIC_SetPriority))
<BR><BR>[Stack]<UL><LI>Max Depth = 8<LI>Call Chain = HAL_NVIC_SetPriority
</UL>
<BR>[Calls]<UL><LI><a href="#[86]">&gt;&gt;</a>&nbsp;&nbsp;&nbsp;__NVIC_SetPriority
</UL>
<BR>[Called By]<UL><LI><a href="#[81]">&gt;&gt;</a>&nbsp;&nbsp;&nbsp;HAL_InitTick
</UL>

<P><STRONG><a name="[8c]"></a>HAL_PCDEx_ActivateLPM</STRONG> (Thumb, 44 bytes, Stack size 8 bytes, stm32f0xx_hal_pcd_ex.o(i.HAL_PCDEx_ActivateLPM))
<BR><BR>[Stack]<UL><LI>Max Depth = 8<LI>Call Chain = HAL_PCDEx_ActivateLPM
</UL>
<BR>[Called By]<UL><LI><a href="#[87]">&gt;&gt;</a>&nbsp;&nbsp;&nbsp;HAL_PCD_Init
</UL>

<P><STRONG><a name="[87]"></a>HAL_PCD_Init</STRONG> (Thumb, 174 bytes, Stack size 40 bytes, stm32f0xx_hal_pcd.o(i.HAL_PCD_Init))
<BR><BR>[Stack]<UL><LI>Max Depth = 48<LI>Call Chain = HAL_PCD_Init &rArr; HAL_PCD_MspInit
</UL>
<BR>[Calls]<UL><LI><a href="#[89]">&gt;&gt;</a>&nbsp;&nbsp;&nbsp;USB_DisableGlobalInt
<LI><a href="#[8b]">&gt;&gt;</a>&nbsp;&nbsp;&nbsp;USB_DevInit
<LI><a href="#[88]">&gt;&gt;</a>&nbsp;&nbsp;&nbsp;HAL_PCD_MspInit
<LI><a href="#[8c]">&gt;&gt;</a>&nbsp;&nbsp;&nbsp;HAL_PCDEx_ActivateLPM
<LI><a href="#[8a]">&gt;&gt;</a>&nbsp;&nbsp;&nbsp;__aeabi_memcpy4
</UL>
<BR>[Called By]<UL><LI><a href="#[64]">&gt;&gt;</a>&nbsp;&nbsp;&nbsp;main
</UL>

<P><STRONG><a name="[88]"></a>HAL_PCD_MspInit</STRONG> (Thumb, 30 bytes, Stack size 8 bytes, stm32f0xx_hal_msp.o(i.HAL_PCD_MspInit))
<BR><BR>[Stack]<UL><LI>Max Depth = 8<LI>Call Chain = HAL_PCD_MspInit
</UL>
<BR>[Called By]<UL><LI><a href="#[87]">&gt;&gt;</a>&nbsp;&nbsp;&nbsp;HAL_PCD_Init
</UL>

<P><STRONG><a name="[8d]"></a>HAL_RCCEx_PeriphCLKConfig</STRONG> (Thumb, 274 bytes, Stack size 24 bytes, stm32f0xx_hal_rcc_ex.o(i.HAL_RCCEx_PeriphCLKConfig))
<BR><BR>[Stack]<UL><LI>Max Depth = 24<LI>Call Chain = HAL_RCCEx_PeriphCLKConfig
</UL>
<BR>[Calls]<UL><LI><a href="#[8e]">&gt;&gt;</a>&nbsp;&nbsp;&nbsp;HAL_GetTick
</UL>
<BR>[Called By]<UL><LI><a href="#[a9]">&gt;&gt;</a>&nbsp;&nbsp;&nbsp;SystemClock_Config
</UL>

<P><STRONG><a name="[8f]"></a>HAL_RCC_ClockConfig</STRONG> (Thumb, 254 bytes, Stack size 24 bytes, stm32f0xx_hal_rcc.o(i.HAL_RCC_ClockConfig))
<BR><BR>[Stack]<UL><LI>Max Depth = 104<LI>Call Chain = HAL_RCC_ClockConfig &rArr; HAL_RCC_GetSysClockFreq &rArr; __aeabi_uldivmod
</UL>
<BR>[Calls]<UL><LI><a href="#[81]">&gt;&gt;</a>&nbsp;&nbsp;&nbsp;HAL_InitTick
<LI><a href="#[90]">&gt;&gt;</a>&nbsp;&nbsp;&nbsp;HAL_RCC_GetSysClockFreq
<LI><a href="#[8e]">&gt;&gt;</a>&nbsp;&nbsp;&nbsp;HAL_GetTick
</UL>
<BR>[Called By]<UL><LI><a href="#[a9]">&gt;&gt;</a>&nbsp;&nbsp;&nbsp;SystemClock_Config
</UL>

<P><STRONG><a name="[c6]"></a>HAL_RCC_GetPCLK1Freq</STRONG> (Thumb, 20 bytes, Stack size 0 bytes, stm32f0xx_hal_rcc.o(i.HAL_RCC_GetPCLK1Freq))
<BR><BR>[Called By]<UL><LI><a href="#[99]">&gt;&gt;</a>&nbsp;&nbsp;&nbsp;UART_SetConfig
</UL>

<P><STRONG><a name="[90]"></a>HAL_RCC_GetSysClockFreq</STRONG> (Thumb, 102 bytes, Stack size 48 bytes, stm32f0xx_hal_rcc.o(i.HAL_RCC_GetSysClockFreq))
<BR><BR>[Stack]<UL><LI>Max Depth = 80<LI>Call Chain = HAL_RCC_GetSysClockFreq &rArr; __aeabi_uldivmod
</UL>
<BR>[Calls]<UL><LI><a href="#[92]">&gt;&gt;</a>&nbsp;&nbsp;&nbsp;__ARM_common_ll_muluu
<LI><a href="#[91]">&gt;&gt;</a>&nbsp;&nbsp;&nbsp;__aeabi_uldivmod
</UL>
<BR>[Called By]<UL><LI><a href="#[8f]">&gt;&gt;</a>&nbsp;&nbsp;&nbsp;HAL_RCC_ClockConfig
<LI><a href="#[99]">&gt;&gt;</a>&nbsp;&nbsp;&nbsp;UART_SetConfig
</UL>

<P><STRONG><a name="[93]"></a>HAL_RCC_OscConfig</STRONG> (Thumb, 1028 bytes, Stack size 32 bytes, stm32f0xx_hal_rcc.o(i.HAL_RCC_OscConfig))
<BR><BR>[Stack]<UL><LI>Max Depth = 32<LI>Call Chain = HAL_RCC_OscConfig
</UL>
<BR>[Calls]<UL><LI><a href="#[8e]">&gt;&gt;</a>&nbsp;&nbsp;&nbsp;HAL_GetTick
</UL>
<BR>[Called By]<UL><LI><a href="#[a9]">&gt;&gt;</a>&nbsp;&nbsp;&nbsp;SystemClock_Config
</UL>

<P><STRONG><a name="[84]"></a>HAL_SYSTICK_Config</STRONG> (Thumb, 38 bytes, Stack size 8 bytes, stm32f0xx_hal_cortex.o(i.HAL_SYSTICK_Config))
<BR><BR>[Stack]<UL><LI>Max Depth = 8<LI>Call Chain = HAL_SYSTICK_Config
</UL>
<BR>[Calls]<UL><LI><a href="#[86]">&gt;&gt;</a>&nbsp;&nbsp;&nbsp;__NVIC_SetPriority
</UL>
<BR>[Called By]<UL><LI><a href="#[81]">&gt;&gt;</a>&nbsp;&nbsp;&nbsp;HAL_InitTick
</UL>

<P><STRONG><a name="[94]"></a>HAL_TSC_Init</STRONG> (Thumb, 162 bytes, Stack size 16 bytes, stm32f0xx_hal_tsc.o(i.HAL_TSC_Init))
<BR><BR>[Stack]<UL><LI>Max Depth = 88<LI>Call Chain = HAL_TSC_Init &rArr; HAL_TSC_MspInit &rArr; HAL_GPIO_Init
</UL>
<BR>[Calls]<UL><LI><a href="#[95]">&gt;&gt;</a>&nbsp;&nbsp;&nbsp;HAL_TSC_MspInit
<LI><a href="#[96]">&gt;&gt;</a>&nbsp;&nbsp;&nbsp;TSC_extract_groups
</UL>
<BR>[Called By]<UL><LI><a href="#[a5]">&gt;&gt;</a>&nbsp;&nbsp;&nbsp;MX_TSC_Init
</UL>

<P><STRONG><a name="[95]"></a>HAL_TSC_MspInit</STRONG> (Thumb, 200 bytes, Stack size 48 bytes, stm32f0xx_hal_msp.o(i.HAL_TSC_MspInit))
<BR><BR>[Stack]<UL><LI>Max Depth = 72<LI>Call Chain = HAL_TSC_MspInit &rArr; HAL_GPIO_Init
</UL>
<BR>[Calls]<UL><LI><a href="#[7f]">&gt;&gt;</a>&nbsp;&nbsp;&nbsp;HAL_GPIO_Init
<LI><a href="#[7e]">&gt;&gt;</a>&nbsp;&nbsp;&nbsp;__aeabi_memclr4
</UL>
<BR>[Called By]<UL><LI><a href="#[94]">&gt;&gt;</a>&nbsp;&nbsp;&nbsp;HAL_TSC_Init
</UL>

<P><STRONG><a name="[97]"></a>HAL_UART_Init</STRONG> (Thumb, 106 bytes, Stack size 8 bytes, stm32f0xx_hal_uart.o(i.HAL_UART_Init))
<BR><BR>[Stack]<UL><LI>Max Depth = 104<LI>Call Chain = HAL_UART_Init &rArr; UART_SetConfig &rArr; HAL_RCC_GetSysClockFreq &rArr; __aeabi_uldivmod
</UL>
<BR>[Calls]<UL><LI><a href="#[98]">&gt;&gt;</a>&nbsp;&nbsp;&nbsp;HAL_UART_MspInit
<LI><a href="#[99]">&gt;&gt;</a>&nbsp;&nbsp;&nbsp;UART_SetConfig
<LI><a href="#[9b]">&gt;&gt;</a>&nbsp;&nbsp;&nbsp;UART_CheckIdleState
<LI><a href="#[9a]">&gt;&gt;</a>&nbsp;&nbsp;&nbsp;UART_AdvFeatureConfig
</UL>
<BR>[Called By]<UL><LI><a href="#[a6]">&gt;&gt;</a>&nbsp;&nbsp;&nbsp;MX_USART3_UART_Init
</UL>

<P><STRONG><a name="[98]"></a>HAL_UART_MspInit</STRONG> (Thumb, 88 bytes, Stack size 32 bytes, stm32f0xx_hal_msp.o(i.HAL_UART_MspInit))
<BR><BR>[Stack]<UL><LI>Max Depth = 56<LI>Call Chain = HAL_UART_MspInit &rArr; HAL_GPIO_Init
</UL>
<BR>[Calls]<UL><LI><a href="#[7f]">&gt;&gt;</a>&nbsp;&nbsp;&nbsp;HAL_GPIO_Init
<LI><a href="#[7e]">&gt;&gt;</a>&nbsp;&nbsp;&nbsp;__aeabi_memclr4
</UL>
<BR>[Called By]<UL><LI><a href="#[97]">&gt;&gt;</a>&nbsp;&nbsp;&nbsp;HAL_UART_Init
</UL>

<P><STRONG><a name="[9c]"></a>HAL_UART_Transmit</STRONG> (Thumb, 210 bytes, Stack size 48 bytes, stm32f0xx_hal_uart.o(i.HAL_UART_Transmit))
<BR><BR>[Stack]<UL><LI>Max Depth = 88<LI>Call Chain = HAL_UART_Transmit &rArr; UART_WaitOnFlagUntilTimeout
</UL>
<BR>[Calls]<UL><LI><a href="#[8e]">&gt;&gt;</a>&nbsp;&nbsp;&nbsp;HAL_GetTick
<LI><a href="#[9d]">&gt;&gt;</a>&nbsp;&nbsp;&nbsp;UART_WaitOnFlagUntilTimeout
</UL>
<BR>[Called By]<UL><LI><a href="#[64]">&gt;&gt;</a>&nbsp;&nbsp;&nbsp;main
</UL>

<P><STRONG><a name="[8]"></a>HardFault_Handler</STRONG> (Thumb, 2 bytes, Stack size 0 bytes, stm32f0xx_it.o(i.HardFault_Handler))
<BR><BR>[Calls]<UL><LI><a href="#[8]">&gt;&gt;</a>&nbsp;&nbsp;&nbsp;HardFault_Handler
</UL>
<BR>[Called By]<UL><LI><a href="#[8]">&gt;&gt;</a>&nbsp;&nbsp;&nbsp;HardFault_Handler
</UL>
<BR>[Address Reference Count : 1]<UL><LI> startup_stm32f072xb.o(RESET)
</UL>
<P><STRONG><a name="[c7]"></a>InitFaderBank</STRONG> (Thumb, 18 bytes, Stack size 0 bytes, fader_bank.o(i.InitFaderBank))
<BR><BR>[Called By]<UL><LI><a href="#[64]">&gt;&gt;</a>&nbsp;&nbsp;&nbsp;main
</UL>

<P><STRONG><a name="[a3]"></a>MX_TOUCHSENSING_Init</STRONG> (Thumb, 8 bytes, Stack size 8 bytes, touchsensing.o(i.MX_TOUCHSENSING_Init))
<BR><BR>[Stack]<UL><LI>Max Depth = 40<LI>Call Chain = MX_TOUCHSENSING_Init &rArr; tsl_user_Init &rArr; TSL_obj_GroupInit
</UL>
<BR>[Calls]<UL><LI><a href="#[a4]">&gt;&gt;</a>&nbsp;&nbsp;&nbsp;tsl_user_Init
</UL>
<BR>[Called By]<UL><LI><a href="#[64]">&gt;&gt;</a>&nbsp;&nbsp;&nbsp;main
</UL>

<P><STRONG><a name="[51]"></a>MyLinRots_ErrorStateProcess</STRONG> (Thumb, 2 bytes, Stack size 0 bytes, tsl_user.o(i.MyLinRots_ErrorStateProcess))
<BR>[Address Reference Count : 1]<UL><LI> tsl_user.o(.constdata)
</UL>
<P><STRONG><a name="[53]"></a>MyLinRots_OffStateProcess</STRONG> (Thumb, 2 bytes, Stack size 0 bytes, tsl_user.o(i.MyLinRots_OffStateProcess))
<BR>[Address Reference Count : 1]<UL><LI> tsl_user.o(.constdata)
</UL>
<P><STRONG><a name="[3f]"></a>MyTKeys_ErrorStateProcess</STRONG> (Thumb, 2 bytes, Stack size 0 bytes, tsl_user.o(i.MyTKeys_ErrorStateProcess))
<BR>[Address Reference Count : 1]<UL><LI> tsl_user.o(.constdata)
</UL>
<P><STRONG><a name="[41]"></a>MyTKeys_OffStateProcess</STRONG> (Thumb, 2 bytes, Stack size 0 bytes, tsl_user.o(i.MyTKeys_OffStateProcess))
<BR>[Address Reference Count : 1]<UL><LI> tsl_user.o(.constdata)
</UL>
<P><STRONG><a name="[7]"></a>NMI_Handler</STRONG> (Thumb, 2 bytes, Stack size 0 bytes, stm32f0xx_it.o(i.NMI_Handler))
<BR><BR>[Calls]<UL><LI><a href="#[7]">&gt;&gt;</a>&nbsp;&nbsp;&nbsp;NMI_Handler
</UL>
<BR>[Called By]<UL><LI><a href="#[7]">&gt;&gt;</a>&nbsp;&nbsp;&nbsp;NMI_Handler
</UL>
<BR>[Address Reference Count : 1]<UL><LI> startup_stm32f072xb.o(RESET)
</UL>
<P><STRONG><a name="[a]"></a>PendSV_Handler</STRONG> (Thumb, 2 bytes, Stack size 0 bytes, stm32f0xx_it.o(i.PendSV_Handler))
<BR>[Address Reference Count : 1]<UL><LI> startup_stm32f072xb.o(RESET)
</UL>
<P><STRONG><a name="[9]"></a>SVC_Handler</STRONG> (Thumb, 2 bytes, Stack size 0 bytes, stm32f0xx_it.o(i.SVC_Handler))
<BR>[Address Reference Count : 1]<UL><LI> startup_stm32f072xb.o(RESET)
</UL>
<P><STRONG><a name="[b]"></a>SysTick_Handler</STRONG> (Thumb, 12 bytes, Stack size 8 bytes, stm32f0xx_it.o(i.SysTick_Handler))
<BR><BR>[Stack]<UL><LI>Max Depth = 8<LI>Call Chain = SysTick_Handler
</UL>
<BR>[Calls]<UL><LI><a href="#[a8]">&gt;&gt;</a>&nbsp;&nbsp;&nbsp;TSL_tim_ProcessIT
<LI><a href="#[a7]">&gt;&gt;</a>&nbsp;&nbsp;&nbsp;HAL_IncTick
</UL>
<BR>[Address Reference Count : 1]<UL><LI> startup_stm32f072xb.o(RESET)
</UL>
<P><STRONG><a name="[a9]"></a>SystemClock_Config</STRONG> (Thumb, 124 bytes, Stack size 112 bytes, main.o(i.SystemClock_Config))
<BR><BR>[Stack]<UL><LI>Max Depth = 216<LI>Call Chain = SystemClock_Config &rArr; HAL_RCC_ClockConfig &rArr; HAL_RCC_GetSysClockFreq &rArr; __aeabi_uldivmod
</UL>
<BR>[Calls]<UL><LI><a href="#[93]">&gt;&gt;</a>&nbsp;&nbsp;&nbsp;HAL_RCC_OscConfig
<LI><a href="#[8f]">&gt;&gt;</a>&nbsp;&nbsp;&nbsp;HAL_RCC_ClockConfig
<LI><a href="#[8d]">&gt;&gt;</a>&nbsp;&nbsp;&nbsp;HAL_RCCEx_PeriphCLKConfig
<LI><a href="#[7e]">&gt;&gt;</a>&nbsp;&nbsp;&nbsp;__aeabi_memclr4
</UL>
<BR>[Called By]<UL><LI><a href="#[64]">&gt;&gt;</a>&nbsp;&nbsp;&nbsp;main
</UL>

<P><STRONG><a name="[2c]"></a>SystemInit</STRONG> (Thumb, 2 bytes, Stack size 0 bytes, system_stm32f0xx.o(i.SystemInit))
<BR>[Address Reference Count : 1]<UL><LI> startup_stm32f072xb.o(.text)
</UL>
<P><STRONG><a name="[aa]"></a>TSL_Init</STRONG> (Thumb, 34 bytes, Stack size 8 bytes, tsl.o(i.TSL_Init))
<BR><BR>[Stack]<UL><LI>Max Depth = 8<LI>Call Chain = TSL_Init
</UL>
<BR>[Calls]<UL><LI><a href="#[83]">&gt;&gt;</a>&nbsp;&nbsp;&nbsp;__aeabi_uidivmod
</UL>
<BR>[Called By]<UL><LI><a href="#[a4]">&gt;&gt;</a>&nbsp;&nbsp;&nbsp;tsl_user_Init
</UL>

<P><STRONG><a name="[ca]"></a>TSL_acq_BankConfig</STRONG> (Thumb, 94 bytes, Stack size 20 bytes, tsl_acq_tsc.o(i.TSL_acq_BankConfig))
<BR><BR>[Stack]<UL><LI>Max Depth = 20<LI>Call Chain = TSL_acq_BankConfig
</UL>
<BR>[Called By]<UL><LI><a href="#[c9]">&gt;&gt;</a>&nbsp;&nbsp;&nbsp;tsl_user_Exec
</UL>

<P><STRONG><a name="[ab]"></a>TSL_acq_BankGetResult</STRONG> (Thumb, 290 bytes, Stack size 56 bytes, tsl_acq.o(i.TSL_acq_BankGetResult))
<BR><BR>[Stack]<UL><LI>Max Depth = 56<LI>Call Chain = TSL_acq_BankGetResult
</UL>
<BR>[Calls]<UL><LI><a href="#[ad]">&gt;&gt;</a>&nbsp;&nbsp;&nbsp;TSL_acq_UseFilter
<LI><a href="#[ac]">&gt;&gt;</a>&nbsp;&nbsp;&nbsp;TSL_acq_GetMeas
<LI><a href="#[ae]">&gt;&gt;</a>&nbsp;&nbsp;&nbsp;TSL_acq_ComputeDelta
<LI><a href="#[af]">&gt;&gt;</a>&nbsp;&nbsp;&nbsp;TSL_acq_CheckNoise
</UL>
<BR>[Called By]<UL><LI><a href="#[c9]">&gt;&gt;</a>&nbsp;&nbsp;&nbsp;tsl_user_Exec
</UL>

<P><STRONG><a name="[b0]"></a>TSL_acq_BankStartAcq</STRONG> (Thumb, 38 bytes, Stack size 8 bytes, tsl_acq_tsc.o(i.TSL_acq_BankStartAcq))
<BR><BR>[Stack]<UL><LI>Max Depth = 16<LI>Call Chain = TSL_acq_BankStartAcq &rArr; SoftDelay
</UL>
<BR>[Calls]<UL><LI><a href="#[b1]">&gt;&gt;</a>&nbsp;&nbsp;&nbsp;SoftDelay
</UL>
<BR>[Called By]<UL><LI><a href="#[c9]">&gt;&gt;</a>&nbsp;&nbsp;&nbsp;tsl_user_Exec
</UL>

<P><STRONG><a name="[cb]"></a>TSL_acq_BankWaitEOC</STRONG> (Thumb, 24 bytes, Stack size 0 bytes, tsl_acq_tsc.o(i.TSL_acq_BankWaitEOC))
<BR><BR>[Called By]<UL><LI><a href="#[c9]">&gt;&gt;</a>&nbsp;&nbsp;&nbsp;tsl_user_Exec
</UL>

<P><STRONG><a name="[af]"></a>TSL_acq_CheckNoise</STRONG> (Thumb, 4 bytes, Stack size 0 bytes, tsl_acq_tsc.o(i.TSL_acq_CheckNoise))
<BR><BR>[Called By]<UL><LI><a href="#[ab]">&gt;&gt;</a>&nbsp;&nbsp;&nbsp;TSL_acq_BankGetResult
</UL>

<P><STRONG><a name="[ae]"></a>TSL_acq_ComputeDelta</STRONG> (Thumb, 6 bytes, Stack size 0 bytes, tsl_acq_tsc.o(i.TSL_acq_ComputeDelta))
<BR><BR>[Called By]<UL><LI><a href="#[ab]">&gt;&gt;</a>&nbsp;&nbsp;&nbsp;TSL_acq_BankGetResult
</UL>

<P><STRONG><a name="[b7]"></a>TSL_acq_ComputeMeas</STRONG> (Thumb, 6 bytes, Stack size 0 bytes, tsl_acq_tsc.o(i.TSL_acq_ComputeMeas))
<BR><BR>[Called By]<UL><LI><a href="#[b6]">&gt;&gt;</a>&nbsp;&nbsp;&nbsp;TSL_ecs_ProcessK
</UL>

<P><STRONG><a name="[ac]"></a>TSL_acq_GetMeas</STRONG> (Thumb, 20 bytes, Stack size 0 bytes, tsl_acq_tsc.o(i.TSL_acq_GetMeas))
<BR><BR>[Called By]<UL><LI><a href="#[ab]">&gt;&gt;</a>&nbsp;&nbsp;&nbsp;TSL_acq_BankGetResult
</UL>

<P><STRONG><a name="[ba]"></a>TSL_acq_TestFirstReferenceIsValid</STRONG> (Thumb, 4 bytes, Stack size 0 bytes, tsl_acq_tsc.o(i.TSL_acq_TestFirstReferenceIsValid))
<BR><BR>[Called By]<UL><LI><a href="#[32]">&gt;&gt;</a>&nbsp;&nbsp;&nbsp;TSL_tkey_CalibrationStateProcess
<LI><a href="#[44]">&gt;&gt;</a>&nbsp;&nbsp;&nbsp;TSL_linrot_CalibrationStateProcess
</UL>

<P><STRONG><a name="[b8]"></a>TSL_acq_TestReferenceOutOfRange</STRONG> (Thumb, 4 bytes, Stack size 0 bytes, tsl_acq_tsc.o(i.TSL_acq_TestReferenceOutOfRange))
<BR><BR>[Called By]<UL><LI><a href="#[b6]">&gt;&gt;</a>&nbsp;&nbsp;&nbsp;TSL_ecs_ProcessK
</UL>

<P><STRONG><a name="[ad]"></a>TSL_acq_UseFilter</STRONG> (Thumb, 4 bytes, Stack size 0 bytes, tsl_acq_tsc.o(i.TSL_acq_UseFilter))
<BR><BR>[Called By]<UL><LI><a href="#[ab]">&gt;&gt;</a>&nbsp;&nbsp;&nbsp;TSL_acq_BankGetResult
</UL>

<P><STRONG><a name="[cc]"></a>TSL_dxs_FirstObj</STRONG> (Thumb, 2 bytes, Stack size 0 bytes, tsl_dxs.o(i.TSL_dxs_FirstObj))
<BR><BR>[Called By]<UL><LI><a href="#[c9]">&gt;&gt;</a>&nbsp;&nbsp;&nbsp;tsl_user_Exec
</UL>

<P><STRONG><a name="[b2]"></a>TSL_ecs_CalcK</STRONG> (Thumb, 190 bytes, Stack size 48 bytes, tsl_ecs.o(i.TSL_ecs_CalcK))
<BR><BR>[Stack]<UL><LI>Max Depth = 48<LI>Call Chain = TSL_ecs_CalcK
</UL>
<BR>[Calls]<UL><LI><a href="#[b3]">&gt;&gt;</a>&nbsp;&nbsp;&nbsp;TSL_obj_SetGlobalObj
</UL>
<BR>[Called By]<UL><LI><a href="#[b4]">&gt;&gt;</a>&nbsp;&nbsp;&nbsp;TSL_ecs_Process
</UL>

<P><STRONG><a name="[b4]"></a>TSL_ecs_Process</STRONG> (Thumb, 120 bytes, Stack size 16 bytes, tsl_ecs.o(i.TSL_ecs_Process))
<BR><BR>[Stack]<UL><LI>Max Depth = 64<LI>Call Chain = TSL_ecs_Process &rArr; TSL_ecs_ProcessK
</UL>
<BR>[Calls]<UL><LI><a href="#[b5]">&gt;&gt;</a>&nbsp;&nbsp;&nbsp;TSL_tim_CheckDelay_ms
<LI><a href="#[b6]">&gt;&gt;</a>&nbsp;&nbsp;&nbsp;TSL_ecs_ProcessK
<LI><a href="#[b2]">&gt;&gt;</a>&nbsp;&nbsp;&nbsp;TSL_ecs_CalcK
</UL>
<BR>[Called By]<UL><LI><a href="#[c9]">&gt;&gt;</a>&nbsp;&nbsp;&nbsp;tsl_user_Exec
</UL>

<P><STRONG><a name="[b6]"></a>TSL_ecs_ProcessK</STRONG> (Thumb, 208 bytes, Stack size 48 bytes, tsl_ecs.o(i.TSL_ecs_ProcessK))
<BR><BR>[Stack]<UL><LI>Max Depth = 48<LI>Call Chain = TSL_ecs_ProcessK
</UL>
<BR>[Calls]<UL><LI><a href="#[b8]">&gt;&gt;</a>&nbsp;&nbsp;&nbsp;TSL_acq_TestReferenceOutOfRange
<LI><a href="#[b7]">&gt;&gt;</a>&nbsp;&nbsp;&nbsp;TSL_acq_ComputeMeas
<LI><a href="#[b3]">&gt;&gt;</a>&nbsp;&nbsp;&nbsp;TSL_obj_SetGlobalObj
</UL>
<BR>[Called By]<UL><LI><a href="#[b4]">&gt;&gt;</a>&nbsp;&nbsp;&nbsp;TSL_ecs_Process
</UL>

<P><STRONG><a name="[56]"></a>TSL_linrot_CalcPos</STRONG> (Thumb, 644 bytes, Stack size 24 bytes, tsl_linrot.o(i.TSL_linrot_CalcPos))
<BR><BR>[Stack]<UL><LI>Max Depth = 24<LI>Call Chain = TSL_linrot_CalcPos
</UL>
<BR>[Calls]<UL><LI><a href="#[83]">&gt;&gt;</a>&nbsp;&nbsp;&nbsp;__aeabi_uidivmod
</UL>
<BR>[Address Reference Count : 1]<UL><LI> tsl_user.o(.constdata)
</UL>
<P><STRONG><a name="[44]"></a>TSL_linrot_CalibrationStateProcess</STRONG> (Thumb, 186 bytes, Stack size 24 bytes, tsl_linrot.o(i.TSL_linrot_CalibrationStateProcess))
<BR><BR>[Stack]<UL><LI>Max Depth = 24<LI>Call Chain = TSL_linrot_CalibrationStateProcess
</UL>
<BR>[Calls]<UL><LI><a href="#[ba]">&gt;&gt;</a>&nbsp;&nbsp;&nbsp;TSL_acq_TestFirstReferenceIsValid
<LI><a href="#[b9]">&gt;&gt;</a>&nbsp;&nbsp;&nbsp;TSL_linrot_ProcessCh_One_AcqStatusError
</UL>
<BR>[Address Reference Count : 1]<UL><LI> tsl_user.o(.constdata)
</UL>
<P><STRONG><a name="[45]"></a>TSL_linrot_DebCalibrationStateProcess</STRONG> (Thumb, 66 bytes, Stack size 12 bytes, tsl_linrot.o(i.TSL_linrot_DebCalibrationStateProcess))
<BR><BR>[Stack]<UL><LI>Max Depth = 36<LI>Call Chain = TSL_linrot_DebCalibrationStateProcess &rArr; TSL_linrot_SetStateCalibration &rArr; TSL_linrot_ProcessCh_All_SetStatus
</UL>
<BR>[Calls]<UL><LI><a href="#[31]">&gt;&gt;</a>&nbsp;&nbsp;&nbsp;TSL_linrot_SetStateCalibration
<LI><a href="#[bb]">&gt;&gt;</a>&nbsp;&nbsp;&nbsp;TSL_linrot_ProcessCh_One_DeltaBelowEquMinus
<LI><a href="#[b9]">&gt;&gt;</a>&nbsp;&nbsp;&nbsp;TSL_linrot_ProcessCh_One_AcqStatusError
</UL>
<BR>[Address Reference Count : 1]<UL><LI> tsl_user.o(.constdata)
</UL>
<P><STRONG><a name="[4f]"></a>TSL_linrot_DebDetectStateProcess</STRONG> (Thumb, 110 bytes, Stack size 12 bytes, tsl_linrot.o(i.TSL_linrot_DebDetectStateProcess))
<BR><BR>[Stack]<UL><LI>Max Depth = 20<LI>Call Chain = TSL_linrot_DebDetectStateProcess &rArr; TSL_linrot_ProcessCh_One_DeltaAboveEqu
</UL>
<BR>[Calls]<UL><LI><a href="#[bc]">&gt;&gt;</a>&nbsp;&nbsp;&nbsp;TSL_linrot_ProcessCh_One_DeltaAboveEqu
<LI><a href="#[b9]">&gt;&gt;</a>&nbsp;&nbsp;&nbsp;TSL_linrot_ProcessCh_One_AcqStatusError
</UL>
<BR>[Address Reference Count : 1]<UL><LI> tsl_user.o(.constdata)
</UL>
<P><STRONG><a name="[52]"></a>TSL_linrot_DebErrorStateProcess</STRONG> (Thumb, 102 bytes, Stack size 8 bytes, tsl_linrot.o(i.TSL_linrot_DebErrorStateProcess))
<BR><BR>[Stack]<UL><LI>Max Depth = 32<LI>Call Chain = TSL_linrot_DebErrorStateProcess &rArr; TSL_linrot_SetStateCalibration &rArr; TSL_linrot_ProcessCh_All_SetStatus
</UL>
<BR>[Calls]<UL><LI><a href="#[31]">&gt;&gt;</a>&nbsp;&nbsp;&nbsp;TSL_linrot_SetStateCalibration
<LI><a href="#[b9]">&gt;&gt;</a>&nbsp;&nbsp;&nbsp;TSL_linrot_ProcessCh_One_AcqStatusError
<LI><a href="#[bd]">&gt;&gt;</a>&nbsp;&nbsp;&nbsp;TSL_linrot_GetStateMask
</UL>
<BR>[Address Reference Count : 1]<UL><LI> tsl_user.o(.constdata)
</UL>
<P><STRONG><a name="[4c]"></a>TSL_linrot_DebProxDetectStateProcess</STRONG> (Thumb, 110 bytes, Stack size 12 bytes, tsl_linrot.o(i.TSL_linrot_DebProxDetectStateProcess))
<BR><BR>[Stack]<UL><LI>Max Depth = 20<LI>Call Chain = TSL_linrot_DebProxDetectStateProcess &rArr; TSL_linrot_ProcessCh_One_DeltaAbove
</UL>
<BR>[Calls]<UL><LI><a href="#[be]">&gt;&gt;</a>&nbsp;&nbsp;&nbsp;TSL_linrot_ProcessCh_One_DeltaAbove
<LI><a href="#[b9]">&gt;&gt;</a>&nbsp;&nbsp;&nbsp;TSL_linrot_ProcessCh_One_AcqStatusError
</UL>
<BR>[Address Reference Count : 1]<UL><LI> tsl_user.o(.constdata)
</UL>
<P><STRONG><a name="[4b]"></a>TSL_linrot_DebProxStateProcess</STRONG> (Thumb, 110 bytes, Stack size 12 bytes, tsl_linrot.o(i.TSL_linrot_DebProxStateProcess))
<BR><BR>[Stack]<UL><LI>Max Depth = 20<LI>Call Chain = TSL_linrot_DebProxStateProcess &rArr; TSL_linrot_ProcessCh_One_DeltaAboveEqu
</UL>
<BR>[Calls]<UL><LI><a href="#[bc]">&gt;&gt;</a>&nbsp;&nbsp;&nbsp;TSL_linrot_ProcessCh_One_DeltaAboveEqu
<LI><a href="#[b9]">&gt;&gt;</a>&nbsp;&nbsp;&nbsp;TSL_linrot_ProcessCh_One_AcqStatusError
</UL>
<BR>[Address Reference Count : 1]<UL><LI> tsl_user.o(.constdata)
</UL>
<P><STRONG><a name="[4d]"></a>TSL_linrot_DebProxTouchStateProcess</STRONG> (Thumb, 110 bytes, Stack size 12 bytes, tsl_linrot.o(i.TSL_linrot_DebProxTouchStateProcess))
<BR><BR>[Stack]<UL><LI>Max Depth = 20<LI>Call Chain = TSL_linrot_DebProxTouchStateProcess &rArr; TSL_linrot_ProcessCh_One_DeltaAbove
</UL>
<BR>[Calls]<UL><LI><a href="#[be]">&gt;&gt;</a>&nbsp;&nbsp;&nbsp;TSL_linrot_ProcessCh_One_DeltaAbove
<LI><a href="#[b9]">&gt;&gt;</a>&nbsp;&nbsp;&nbsp;TSL_linrot_ProcessCh_One_AcqStatusError
</UL>
<BR>[Address Reference Count : 1]<UL><LI> tsl_user.o(.constdata)
</UL>
<P><STRONG><a name="[48]"></a>TSL_linrot_DebReleaseDetectStateProcess</STRONG> (Thumb, 88 bytes, Stack size 12 bytes, tsl_linrot.o(i.TSL_linrot_DebReleaseDetectStateProcess))
<BR><BR>[Stack]<UL><LI>Max Depth = 20<LI>Call Chain = TSL_linrot_DebReleaseDetectStateProcess &rArr; TSL_linrot_ProcessCh_One_DeltaAbove
</UL>
<BR>[Calls]<UL><LI><a href="#[be]">&gt;&gt;</a>&nbsp;&nbsp;&nbsp;TSL_linrot_ProcessCh_One_DeltaAbove
<LI><a href="#[b9]">&gt;&gt;</a>&nbsp;&nbsp;&nbsp;TSL_linrot_ProcessCh_One_AcqStatusError
</UL>
<BR>[Address Reference Count : 1]<UL><LI> tsl_user.o(.constdata)
</UL>
<P><STRONG><a name="[47]"></a>TSL_linrot_DebReleaseProxStateProcess</STRONG> (Thumb, 68 bytes, Stack size 12 bytes, tsl_linrot.o(i.TSL_linrot_DebReleaseProxStateProcess))
<BR><BR>[Stack]<UL><LI>Max Depth = 20<LI>Call Chain = TSL_linrot_DebReleaseProxStateProcess &rArr; TSL_linrot_ProcessCh_One_DeltaAbove
</UL>
<BR>[Calls]<UL><LI><a href="#[be]">&gt;&gt;</a>&nbsp;&nbsp;&nbsp;TSL_linrot_ProcessCh_One_DeltaAbove
<LI><a href="#[b9]">&gt;&gt;</a>&nbsp;&nbsp;&nbsp;TSL_linrot_ProcessCh_One_AcqStatusError
</UL>
<BR>[Address Reference Count : 1]<UL><LI> tsl_user.o(.constdata)
</UL>
<P><STRONG><a name="[49]"></a>TSL_linrot_DebReleaseTouchStateProcess</STRONG> (Thumb, 88 bytes, Stack size 12 bytes, tsl_linrot.o(i.TSL_linrot_DebReleaseTouchStateProcess))
<BR><BR>[Stack]<UL><LI>Max Depth = 20<LI>Call Chain = TSL_linrot_DebReleaseTouchStateProcess &rArr; TSL_linrot_ProcessCh_One_DeltaAbove
</UL>
<BR>[Calls]<UL><LI><a href="#[be]">&gt;&gt;</a>&nbsp;&nbsp;&nbsp;TSL_linrot_ProcessCh_One_DeltaAbove
<LI><a href="#[b9]">&gt;&gt;</a>&nbsp;&nbsp;&nbsp;TSL_linrot_ProcessCh_One_AcqStatusError
</UL>
<BR>[Address Reference Count : 1]<UL><LI> tsl_user.o(.constdata)
</UL>
<P><STRONG><a name="[4e]"></a>TSL_linrot_DetectStateProcess</STRONG> (Thumb, 146 bytes, Stack size 8 bytes, tsl_linrot.o(i.TSL_linrot_DetectStateProcess))
<BR><BR>[Stack]<UL><LI>Max Depth = 16<LI>Call Chain = TSL_linrot_DetectStateProcess &rArr; TSL_linrot_ProcessCh_One_DeltaAbove
</UL>
<BR>[Calls]<UL><LI><a href="#[be]">&gt;&gt;</a>&nbsp;&nbsp;&nbsp;TSL_linrot_ProcessCh_One_DeltaAbove
<LI><a href="#[b9]">&gt;&gt;</a>&nbsp;&nbsp;&nbsp;TSL_linrot_ProcessCh_One_AcqStatusError
</UL>
<BR>[Address Reference Count : 1]<UL><LI> tsl_user.o(.constdata)
</UL>
<P><STRONG><a name="[bd]"></a>TSL_linrot_GetStateMask</STRONG> (Thumb, 30 bytes, Stack size 0 bytes, tsl_linrot.o(i.TSL_linrot_GetStateMask))
<BR><BR>[Called By]<UL><LI><a href="#[52]">&gt;&gt;</a>&nbsp;&nbsp;&nbsp;TSL_linrot_DebErrorStateProcess
</UL>

<P><STRONG><a name="[54]"></a>TSL_linrot_Init</STRONG> (Thumb, 106 bytes, Stack size 8 bytes, tsl_linrot.o(i.TSL_linrot_Init))
<BR><BR>[Stack]<UL><LI>Max Depth = 32<LI>Call Chain = TSL_linrot_Init &rArr; TSL_linrot_SetStateCalibration &rArr; TSL_linrot_ProcessCh_All_SetStatus
</UL>
<BR>[Calls]<UL><LI><a href="#[31]">&gt;&gt;</a>&nbsp;&nbsp;&nbsp;TSL_linrot_SetStateCalibration
</UL>
<BR>[Address Reference Count : 1]<UL><LI> tsl_user.o(.constdata)
</UL>
<P><STRONG><a name="[55]"></a>TSL_linrot_Process</STRONG> (Thumb, 74 bytes, Stack size 16 bytes, tsl_linrot.o(i.TSL_linrot_Process))
<BR><BR>[Stack]<UL><LI>Max Depth = 28<LI>Call Chain = TSL_linrot_Process &rArr; TSL_linrot_ProcessCh_One_DataReady
</UL>
<BR>[Calls]<UL><LI><a href="#[bf]">&gt;&gt;</a>&nbsp;&nbsp;&nbsp;TSL_linrot_ProcessCh_One_DataReady
</UL>
<BR>[Address Reference Count : 1]<UL><LI> tsl_user.o(.constdata)
</UL>
<P><STRONG><a name="[c2]"></a>TSL_linrot_ProcessCh_All_ClearRef</STRONG> (Thumb, 34 bytes, Stack size 8 bytes, tsl_linrot.o(i.TSL_linrot_ProcessCh_All_ClearRef))
<BR><BR>[Stack]<UL><LI>Max Depth = 8<LI>Call Chain = TSL_linrot_ProcessCh_All_ClearRef
</UL>
<BR>[Called By]<UL><LI><a href="#[31]">&gt;&gt;</a>&nbsp;&nbsp;&nbsp;TSL_linrot_SetStateCalibration
</UL>

<P><STRONG><a name="[c0]"></a>TSL_linrot_ProcessCh_All_DeltaBelowEqu</STRONG> (Thumb, 40 bytes, Stack size 8 bytes, tsl_linrot.o(i.TSL_linrot_ProcessCh_All_DeltaBelowEqu))
<BR><BR>[Stack]<UL><LI>Max Depth = 8<LI>Call Chain = TSL_linrot_ProcessCh_All_DeltaBelowEqu
</UL>
<BR>[Called By]<UL><LI><a href="#[4a]">&gt;&gt;</a>&nbsp;&nbsp;&nbsp;TSL_linrot_ProxStateProcess
</UL>

<P><STRONG><a name="[c1]"></a>TSL_linrot_ProcessCh_All_SetStatus</STRONG> (Thumb, 42 bytes, Stack size 12 bytes, tsl_linrot.o(i.TSL_linrot_ProcessCh_All_SetStatus))
<BR><BR>[Stack]<UL><LI>Max Depth = 12<LI>Call Chain = TSL_linrot_ProcessCh_All_SetStatus
</UL>
<BR>[Called By]<UL><LI><a href="#[31]">&gt;&gt;</a>&nbsp;&nbsp;&nbsp;TSL_linrot_SetStateCalibration
</UL>

<P><STRONG><a name="[b9]"></a>TSL_linrot_ProcessCh_One_AcqStatusError</STRONG> (Thumb, 40 bytes, Stack size 0 bytes, tsl_linrot.o(i.TSL_linrot_ProcessCh_One_AcqStatusError))
<BR><BR>[Called By]<UL><LI><a href="#[50]">&gt;&gt;</a>&nbsp;&nbsp;&nbsp;TSL_linrot_TouchStateProcess
<LI><a href="#[46]">&gt;&gt;</a>&nbsp;&nbsp;&nbsp;TSL_linrot_ReleaseStateProcess
<LI><a href="#[4a]">&gt;&gt;</a>&nbsp;&nbsp;&nbsp;TSL_linrot_ProxStateProcess
<LI><a href="#[4e]">&gt;&gt;</a>&nbsp;&nbsp;&nbsp;TSL_linrot_DetectStateProcess
<LI><a href="#[49]">&gt;&gt;</a>&nbsp;&nbsp;&nbsp;TSL_linrot_DebReleaseTouchStateProcess
<LI><a href="#[47]">&gt;&gt;</a>&nbsp;&nbsp;&nbsp;TSL_linrot_DebReleaseProxStateProcess
<LI><a href="#[48]">&gt;&gt;</a>&nbsp;&nbsp;&nbsp;TSL_linrot_DebReleaseDetectStateProcess
<LI><a href="#[4d]">&gt;&gt;</a>&nbsp;&nbsp;&nbsp;TSL_linrot_DebProxTouchStateProcess
<LI><a href="#[4b]">&gt;&gt;</a>&nbsp;&nbsp;&nbsp;TSL_linrot_DebProxStateProcess
<LI><a href="#[4c]">&gt;&gt;</a>&nbsp;&nbsp;&nbsp;TSL_linrot_DebProxDetectStateProcess
<LI><a href="#[52]">&gt;&gt;</a>&nbsp;&nbsp;&nbsp;TSL_linrot_DebErrorStateProcess
<LI><a href="#[4f]">&gt;&gt;</a>&nbsp;&nbsp;&nbsp;TSL_linrot_DebDetectStateProcess
<LI><a href="#[45]">&gt;&gt;</a>&nbsp;&nbsp;&nbsp;TSL_linrot_DebCalibrationStateProcess
<LI><a href="#[44]">&gt;&gt;</a>&nbsp;&nbsp;&nbsp;TSL_linrot_CalibrationStateProcess
</UL>

<P><STRONG><a name="[bf]"></a>TSL_linrot_ProcessCh_One_DataReady</STRONG> (Thumb, 44 bytes, Stack size 12 bytes, tsl_linrot.o(i.TSL_linrot_ProcessCh_One_DataReady))
<BR><BR>[Stack]<UL><LI>Max Depth = 12<LI>Call Chain = TSL_linrot_ProcessCh_One_DataReady
</UL>
<BR>[Called By]<UL><LI><a href="#[55]">&gt;&gt;</a>&nbsp;&nbsp;&nbsp;TSL_linrot_Process
</UL>

<P><STRONG><a name="[be]"></a>TSL_linrot_ProcessCh_One_DeltaAbove</STRONG> (Thumb, 40 bytes, Stack size 8 bytes, tsl_linrot.o(i.TSL_linrot_ProcessCh_One_DeltaAbove))
<BR><BR>[Stack]<UL><LI>Max Depth = 8<LI>Call Chain = TSL_linrot_ProcessCh_One_DeltaAbove
</UL>
<BR>[Called By]<UL><LI><a href="#[50]">&gt;&gt;</a>&nbsp;&nbsp;&nbsp;TSL_linrot_TouchStateProcess
<LI><a href="#[4e]">&gt;&gt;</a>&nbsp;&nbsp;&nbsp;TSL_linrot_DetectStateProcess
<LI><a href="#[49]">&gt;&gt;</a>&nbsp;&nbsp;&nbsp;TSL_linrot_DebReleaseTouchStateProcess
<LI><a href="#[47]">&gt;&gt;</a>&nbsp;&nbsp;&nbsp;TSL_linrot_DebReleaseProxStateProcess
<LI><a href="#[48]">&gt;&gt;</a>&nbsp;&nbsp;&nbsp;TSL_linrot_DebReleaseDetectStateProcess
<LI><a href="#[4d]">&gt;&gt;</a>&nbsp;&nbsp;&nbsp;TSL_linrot_DebProxTouchStateProcess
<LI><a href="#[4c]">&gt;&gt;</a>&nbsp;&nbsp;&nbsp;TSL_linrot_DebProxDetectStateProcess
</UL>

<P><STRONG><a name="[bc]"></a>TSL_linrot_ProcessCh_One_DeltaAboveEqu</STRONG> (Thumb, 40 bytes, Stack size 8 bytes, tsl_linrot.o(i.TSL_linrot_ProcessCh_One_DeltaAboveEqu))
<BR><BR>[Stack]<UL><LI>Max Depth = 8<LI>Call Chain = TSL_linrot_ProcessCh_One_DeltaAboveEqu
</UL>
<BR>[Called By]<UL><LI><a href="#[46]">&gt;&gt;</a>&nbsp;&nbsp;&nbsp;TSL_linrot_ReleaseStateProcess
<LI><a href="#[4a]">&gt;&gt;</a>&nbsp;&nbsp;&nbsp;TSL_linrot_ProxStateProcess
<LI><a href="#[4b]">&gt;&gt;</a>&nbsp;&nbsp;&nbsp;TSL_linrot_DebProxStateProcess
<LI><a href="#[4f]">&gt;&gt;</a>&nbsp;&nbsp;&nbsp;TSL_linrot_DebDetectStateProcess
</UL>

<P><STRONG><a name="[bb]"></a>TSL_linrot_ProcessCh_One_DeltaBelowEquMinus</STRONG> (Thumb, 42 bytes, Stack size 8 bytes, tsl_linrot.o(i.TSL_linrot_ProcessCh_One_DeltaBelowEquMinus))
<BR><BR>[Stack]<UL><LI>Max Depth = 8<LI>Call Chain = TSL_linrot_ProcessCh_One_DeltaBelowEquMinus
</UL>
<BR>[Called By]<UL><LI><a href="#[46]">&gt;&gt;</a>&nbsp;&nbsp;&nbsp;TSL_linrot_ReleaseStateProcess
<LI><a href="#[45]">&gt;&gt;</a>&nbsp;&nbsp;&nbsp;TSL_linrot_DebCalibrationStateProcess
</UL>

<P><STRONG><a name="[4a]"></a>TSL_linrot_ProxStateProcess</STRONG> (Thumb, 120 bytes, Stack size 8 bytes, tsl_linrot.o(i.TSL_linrot_ProxStateProcess))
<BR><BR>[Stack]<UL><LI>Max Depth = 16<LI>Call Chain = TSL_linrot_ProxStateProcess &rArr; TSL_linrot_ProcessCh_One_DeltaAboveEqu
</UL>
<BR>[Calls]<UL><LI><a href="#[bc]">&gt;&gt;</a>&nbsp;&nbsp;&nbsp;TSL_linrot_ProcessCh_One_DeltaAboveEqu
<LI><a href="#[b9]">&gt;&gt;</a>&nbsp;&nbsp;&nbsp;TSL_linrot_ProcessCh_One_AcqStatusError
<LI><a href="#[c0]">&gt;&gt;</a>&nbsp;&nbsp;&nbsp;TSL_linrot_ProcessCh_All_DeltaBelowEqu
</UL>
<BR>[Address Reference Count : 1]<UL><LI> tsl_user.o(.constdata)
</UL>
<P><STRONG><a name="[46]"></a>TSL_linrot_ReleaseStateProcess</STRONG> (Thumb, 166 bytes, Stack size 8 bytes, tsl_linrot.o(i.TSL_linrot_ReleaseStateProcess))
<BR><BR>[Stack]<UL><LI>Max Depth = 32<LI>Call Chain = TSL_linrot_ReleaseStateProcess &rArr; TSL_linrot_SetStateCalibration &rArr; TSL_linrot_ProcessCh_All_SetStatus
</UL>
<BR>[Calls]<UL><LI><a href="#[31]">&gt;&gt;</a>&nbsp;&nbsp;&nbsp;TSL_linrot_SetStateCalibration
<LI><a href="#[bb]">&gt;&gt;</a>&nbsp;&nbsp;&nbsp;TSL_linrot_ProcessCh_One_DeltaBelowEquMinus
<LI><a href="#[bc]">&gt;&gt;</a>&nbsp;&nbsp;&nbsp;TSL_linrot_ProcessCh_One_DeltaAboveEqu
<LI><a href="#[b9]">&gt;&gt;</a>&nbsp;&nbsp;&nbsp;TSL_linrot_ProcessCh_One_AcqStatusError
</UL>
<BR>[Address Reference Count : 1]<UL><LI> tsl_user.o(.constdata)
</UL>
<P><STRONG><a name="[31]"></a>TSL_linrot_SetStateCalibration</STRONG> (Thumb, 78 bytes, Stack size 12 bytes, tsl_linrot.o(i.TSL_linrot_SetStateCalibration))
<BR><BR>[Stack]<UL><LI>Max Depth = 24<LI>Call Chain = TSL_linrot_SetStateCalibration &rArr; TSL_linrot_ProcessCh_All_SetStatus
</UL>
<BR>[Calls]<UL><LI><a href="#[c1]">&gt;&gt;</a>&nbsp;&nbsp;&nbsp;TSL_linrot_ProcessCh_All_SetStatus
<LI><a href="#[c2]">&gt;&gt;</a>&nbsp;&nbsp;&nbsp;TSL_linrot_ProcessCh_All_ClearRef
</UL>
<BR>[Called By]<UL><LI><a href="#[46]">&gt;&gt;</a>&nbsp;&nbsp;&nbsp;TSL_linrot_ReleaseStateProcess
<LI><a href="#[54]">&gt;&gt;</a>&nbsp;&nbsp;&nbsp;TSL_linrot_Init
<LI><a href="#[52]">&gt;&gt;</a>&nbsp;&nbsp;&nbsp;TSL_linrot_DebErrorStateProcess
<LI><a href="#[45]">&gt;&gt;</a>&nbsp;&nbsp;&nbsp;TSL_linrot_DebCalibrationStateProcess
</UL>
<BR>[Address Reference Count : 1]<UL><LI> tsl_ecs.o(i.TSL_ecs_ProcessK)
</UL>
<P><STRONG><a name="[50]"></a>TSL_linrot_TouchStateProcess</STRONG> (Thumb, 146 bytes, Stack size 8 bytes, tsl_linrot.o(i.TSL_linrot_TouchStateProcess))
<BR><BR>[Stack]<UL><LI>Max Depth = 16<LI>Call Chain = TSL_linrot_TouchStateProcess &rArr; TSL_linrot_ProcessCh_One_DeltaAbove
</UL>
<BR>[Calls]<UL><LI><a href="#[be]">&gt;&gt;</a>&nbsp;&nbsp;&nbsp;TSL_linrot_ProcessCh_One_DeltaAbove
<LI><a href="#[b9]">&gt;&gt;</a>&nbsp;&nbsp;&nbsp;TSL_linrot_ProcessCh_One_AcqStatusError
</UL>
<BR>[Address Reference Count : 1]<UL><LI> tsl_user.o(.constdata)
</UL>
<P><STRONG><a name="[c3]"></a>TSL_obj_GroupInit</STRONG> (Thumb, 128 bytes, Stack size 24 bytes, tsl_object.o(i.TSL_obj_GroupInit))
<BR><BR>[Stack]<UL><LI>Max Depth = 24<LI>Call Chain = TSL_obj_GroupInit
</UL>
<BR>[Calls]<UL><LI><a href="#[b3]">&gt;&gt;</a>&nbsp;&nbsp;&nbsp;TSL_obj_SetGlobalObj
</UL>
<BR>[Called By]<UL><LI><a href="#[a4]">&gt;&gt;</a>&nbsp;&nbsp;&nbsp;tsl_user_Init
</UL>

<P><STRONG><a name="[c4]"></a>TSL_obj_GroupProcess</STRONG> (Thumb, 128 bytes, Stack size 24 bytes, tsl_object.o(i.TSL_obj_GroupProcess))
<BR><BR>[Stack]<UL><LI>Max Depth = 24<LI>Call Chain = TSL_obj_GroupProcess
</UL>
<BR>[Calls]<UL><LI><a href="#[b3]">&gt;&gt;</a>&nbsp;&nbsp;&nbsp;TSL_obj_SetGlobalObj
</UL>
<BR>[Called By]<UL><LI><a href="#[c9]">&gt;&gt;</a>&nbsp;&nbsp;&nbsp;tsl_user_Exec
</UL>

<P><STRONG><a name="[b3]"></a>TSL_obj_SetGlobalObj</STRONG> (Thumb, 46 bytes, Stack size 0 bytes, tsl_object.o(i.TSL_obj_SetGlobalObj))
<BR><BR>[Called By]<UL><LI><a href="#[c4]">&gt;&gt;</a>&nbsp;&nbsp;&nbsp;TSL_obj_GroupProcess
<LI><a href="#[c3]">&gt;&gt;</a>&nbsp;&nbsp;&nbsp;TSL_obj_GroupInit
<LI><a href="#[b6]">&gt;&gt;</a>&nbsp;&nbsp;&nbsp;TSL_ecs_ProcessK
<LI><a href="#[b2]">&gt;&gt;</a>&nbsp;&nbsp;&nbsp;TSL_ecs_CalcK
</UL>

<P><STRONG><a name="[b5]"></a>TSL_tim_CheckDelay_ms</STRONG> (Thumb, 80 bytes, Stack size 16 bytes, tsl_time.o(i.TSL_tim_CheckDelay_ms))
<BR><BR>[Stack]<UL><LI>Max Depth = 16<LI>Call Chain = TSL_tim_CheckDelay_ms
</UL>
<BR>[Called By]<UL><LI><a href="#[b4]">&gt;&gt;</a>&nbsp;&nbsp;&nbsp;TSL_ecs_Process
<LI><a href="#[c9]">&gt;&gt;</a>&nbsp;&nbsp;&nbsp;tsl_user_Exec
</UL>

<P><STRONG><a name="[a8]"></a>TSL_tim_ProcessIT</STRONG> (Thumb, 44 bytes, Stack size 0 bytes, tsl_time.o(i.TSL_tim_ProcessIT))
<BR><BR>[Called By]<UL><LI><a href="#[b]">&gt;&gt;</a>&nbsp;&nbsp;&nbsp;SysTick_Handler
</UL>

<P><STRONG><a name="[32]"></a>TSL_tkey_CalibrationStateProcess</STRONG> (Thumb, 164 bytes, Stack size 16 bytes, tsl_touchkey.o(i.TSL_tkey_CalibrationStateProcess))
<BR><BR>[Stack]<UL><LI>Max Depth = 16<LI>Call Chain = TSL_tkey_CalibrationStateProcess
</UL>
<BR>[Calls]<UL><LI><a href="#[ba]">&gt;&gt;</a>&nbsp;&nbsp;&nbsp;TSL_acq_TestFirstReferenceIsValid
</UL>
<BR>[Address Reference Count : 1]<UL><LI> tsl_user.o(.constdata)
</UL>
<P><STRONG><a name="[33]"></a>TSL_tkey_DebCalibrationStateProcess</STRONG> (Thumb, 66 bytes, Stack size 8 bytes, tsl_touchkey.o(i.TSL_tkey_DebCalibrationStateProcess))
<BR><BR>[Stack]<UL><LI>Max Depth = 20<LI>Call Chain = TSL_tkey_DebCalibrationStateProcess &rArr; TSL_tkey_SetStateCalibration
</UL>
<BR>[Calls]<UL><LI><a href="#[30]">&gt;&gt;</a>&nbsp;&nbsp;&nbsp;TSL_tkey_SetStateCalibration
</UL>
<BR>[Address Reference Count : 1]<UL><LI> tsl_user.o(.constdata)
</UL>
<P><STRONG><a name="[3d]"></a>TSL_tkey_DebDetectStateProcess</STRONG> (Thumb, 94 bytes, Stack size 12 bytes, tsl_touchkey.o(i.TSL_tkey_DebDetectStateProcess))
<BR><BR>[Stack]<UL><LI>Max Depth = 12<LI>Call Chain = TSL_tkey_DebDetectStateProcess
</UL>
<BR>[Address Reference Count : 1]<UL><LI> tsl_user.o(.constdata)
</UL>
<P><STRONG><a name="[40]"></a>TSL_tkey_DebErrorStateProcess</STRONG> (Thumb, 104 bytes, Stack size 8 bytes, tsl_touchkey.o(i.TSL_tkey_DebErrorStateProcess))
<BR><BR>[Stack]<UL><LI>Max Depth = 20<LI>Call Chain = TSL_tkey_DebErrorStateProcess &rArr; TSL_tkey_SetStateCalibration
</UL>
<BR>[Calls]<UL><LI><a href="#[30]">&gt;&gt;</a>&nbsp;&nbsp;&nbsp;TSL_tkey_SetStateCalibration
<LI><a href="#[c5]">&gt;&gt;</a>&nbsp;&nbsp;&nbsp;TSL_tkey_GetStateMask
</UL>
<BR>[Address Reference Count : 1]<UL><LI> tsl_user.o(.constdata)
</UL>
<P><STRONG><a name="[3a]"></a>TSL_tkey_DebProxDetectStateProcess</STRONG> (Thumb, 92 bytes, Stack size 12 bytes, tsl_touchkey.o(i.TSL_tkey_DebProxDetectStateProcess))
<BR><BR>[Stack]<UL><LI>Max Depth = 12<LI>Call Chain = TSL_tkey_DebProxDetectStateProcess
</UL>
<BR>[Address Reference Count : 1]<UL><LI> tsl_user.o(.constdata)
</UL>
<P><STRONG><a name="[39]"></a>TSL_tkey_DebProxStateProcess</STRONG> (Thumb, 92 bytes, Stack size 12 bytes, tsl_touchkey.o(i.TSL_tkey_DebProxStateProcess))
<BR><BR>[Stack]<UL><LI>Max Depth = 12<LI>Call Chain = TSL_tkey_DebProxStateProcess
</UL>
<BR>[Address Reference Count : 1]<UL><LI> tsl_user.o(.constdata)
</UL>
<P><STRONG><a name="[3b]"></a>TSL_tkey_DebProxTouchStateProcess</STRONG> (Thumb, 92 bytes, Stack size 12 bytes, tsl_touchkey.o(i.TSL_tkey_DebProxTouchStateProcess))
<BR><BR>[Stack]<UL><LI>Max Depth = 12<LI>Call Chain = TSL_tkey_DebProxTouchStateProcess
</UL>
<BR>[Address Reference Count : 1]<UL><LI> tsl_user.o(.constdata)
</UL>
<P><STRONG><a name="[36]"></a>TSL_tkey_DebReleaseDetectStateProcess</STRONG> (Thumb, 78 bytes, Stack size 12 bytes, tsl_touchkey.o(i.TSL_tkey_DebReleaseDetectStateProcess))
<BR><BR>[Stack]<UL><LI>Max Depth = 12<LI>Call Chain = TSL_tkey_DebReleaseDetectStateProcess
</UL>
<BR>[Address Reference Count : 1]<UL><LI> tsl_user.o(.constdata)
</UL>
<P><STRONG><a name="[35]"></a>TSL_tkey_DebReleaseProxStateProcess</STRONG> (Thumb, 66 bytes, Stack size 12 bytes, tsl_touchkey.o(i.TSL_tkey_DebReleaseProxStateProcess))
<BR><BR>[Stack]<UL><LI>Max Depth = 12<LI>Call Chain = TSL_tkey_DebReleaseProxStateProcess
</UL>
<BR>[Address Reference Count : 1]<UL><LI> tsl_user.o(.constdata)
</UL>
<P><STRONG><a name="[37]"></a>TSL_tkey_DebReleaseTouchStateProcess</STRONG> (Thumb, 78 bytes, Stack size 12 bytes, tsl_touchkey.o(i.TSL_tkey_DebReleaseTouchStateProcess))
<BR><BR>[Stack]<UL><LI>Max Depth = 12<LI>Call Chain = TSL_tkey_DebReleaseTouchStateProcess
</UL>
<BR>[Address Reference Count : 1]<UL><LI> tsl_user.o(.constdata)
</UL>
<P><STRONG><a name="[3c]"></a>TSL_tkey_DetectStateProcess</STRONG> (Thumb, 104 bytes, Stack size 8 bytes, tsl_touchkey.o(i.TSL_tkey_DetectStateProcess))
<BR><BR>[Stack]<UL><LI>Max Depth = 8<LI>Call Chain = TSL_tkey_DetectStateProcess
</UL>
<BR>[Address Reference Count : 1]<UL><LI> tsl_user.o(.constdata)
</UL>
<P><STRONG><a name="[c5]"></a>TSL_tkey_GetStateMask</STRONG> (Thumb, 26 bytes, Stack size 0 bytes, tsl_touchkey.o(i.TSL_tkey_GetStateMask))
<BR><BR>[Called By]<UL><LI><a href="#[40]">&gt;&gt;</a>&nbsp;&nbsp;&nbsp;TSL_tkey_DebErrorStateProcess
</UL>

<P><STRONG><a name="[42]"></a>TSL_tkey_Init</STRONG> (Thumb, 84 bytes, Stack size 4 bytes, tsl_touchkey.o(i.TSL_tkey_Init))
<BR><BR>[Stack]<UL><LI>Max Depth = 16<LI>Call Chain = TSL_tkey_Init &rArr; TSL_tkey_SetStateCalibration
</UL>
<BR>[Calls]<UL><LI><a href="#[30]">&gt;&gt;</a>&nbsp;&nbsp;&nbsp;TSL_tkey_SetStateCalibration
</UL>
<BR>[Address Reference Count : 1]<UL><LI> tsl_user.o(.constdata)
</UL>
<P><STRONG><a name="[43]"></a>TSL_tkey_Process</STRONG> (Thumb, 78 bytes, Stack size 16 bytes, tsl_touchkey.o(i.TSL_tkey_Process))
<BR><BR>[Stack]<UL><LI>Max Depth = 16<LI>Call Chain = TSL_tkey_Process
</UL>
<BR>[Address Reference Count : 1]<UL><LI> tsl_user.o(.constdata)
</UL>
<P><STRONG><a name="[38]"></a>TSL_tkey_ProxStateProcess</STRONG> (Thumb, 104 bytes, Stack size 8 bytes, tsl_touchkey.o(i.TSL_tkey_ProxStateProcess))
<BR><BR>[Stack]<UL><LI>Max Depth = 8<LI>Call Chain = TSL_tkey_ProxStateProcess
</UL>
<BR>[Address Reference Count : 1]<UL><LI> tsl_user.o(.constdata)
</UL>
<P><STRONG><a name="[34]"></a>TSL_tkey_ReleaseStateProcess</STRONG> (Thumb, 140 bytes, Stack size 8 bytes, tsl_touchkey.o(i.TSL_tkey_ReleaseStateProcess))
<BR><BR>[Stack]<UL><LI>Max Depth = 20<LI>Call Chain = TSL_tkey_ReleaseStateProcess &rArr; TSL_tkey_SetStateCalibration
</UL>
<BR>[Calls]<UL><LI><a href="#[30]">&gt;&gt;</a>&nbsp;&nbsp;&nbsp;TSL_tkey_SetStateCalibration
</UL>
<BR>[Address Reference Count : 1]<UL><LI> tsl_user.o(.constdata)
</UL>
<P><STRONG><a name="[30]"></a>TSL_tkey_SetStateCalibration</STRONG> (Thumb, 86 bytes, Stack size 12 bytes, tsl_touchkey.o(i.TSL_tkey_SetStateCalibration))
<BR><BR>[Stack]<UL><LI>Max Depth = 12<LI>Call Chain = TSL_tkey_SetStateCalibration
</UL>
<BR>[Called By]<UL><LI><a href="#[34]">&gt;&gt;</a>&nbsp;&nbsp;&nbsp;TSL_tkey_ReleaseStateProcess
<LI><a href="#[42]">&gt;&gt;</a>&nbsp;&nbsp;&nbsp;TSL_tkey_Init
<LI><a href="#[40]">&gt;&gt;</a>&nbsp;&nbsp;&nbsp;TSL_tkey_DebErrorStateProcess
<LI><a href="#[33]">&gt;&gt;</a>&nbsp;&nbsp;&nbsp;TSL_tkey_DebCalibrationStateProcess
</UL>
<BR>[Address Reference Count : 1]<UL><LI> tsl_ecs.o(i.TSL_ecs_ProcessK)
</UL>
<P><STRONG><a name="[3e]"></a>TSL_tkey_TouchStateProcess</STRONG> (Thumb, 104 bytes, Stack size 8 bytes, tsl_touchkey.o(i.TSL_tkey_TouchStateProcess))
<BR><BR>[Stack]<UL><LI>Max Depth = 8<LI>Call Chain = TSL_tkey_TouchStateProcess
</UL>
<BR>[Address Reference Count : 1]<UL><LI> tsl_user.o(.constdata)
</UL>
<P><STRONG><a name="[9a]"></a>UART_AdvFeatureConfig</STRONG> (Thumb, 202 bytes, Stack size 8 bytes, stm32f0xx_hal_uart.o(i.UART_AdvFeatureConfig))
<BR><BR>[Stack]<UL><LI>Max Depth = 8<LI>Call Chain = UART_AdvFeatureConfig
</UL>
<BR>[Called By]<UL><LI><a href="#[97]">&gt;&gt;</a>&nbsp;&nbsp;&nbsp;HAL_UART_Init
</UL>

<P><STRONG><a name="[9b]"></a>UART_CheckIdleState</STRONG> (Thumb, 94 bytes, Stack size 24 bytes, stm32f0xx_hal_uart.o(i.UART_CheckIdleState))
<BR><BR>[Stack]<UL><LI>Max Depth = 64<LI>Call Chain = UART_CheckIdleState &rArr; UART_WaitOnFlagUntilTimeout
</UL>
<BR>[Calls]<UL><LI><a href="#[8e]">&gt;&gt;</a>&nbsp;&nbsp;&nbsp;HAL_GetTick
<LI><a href="#[9d]">&gt;&gt;</a>&nbsp;&nbsp;&nbsp;UART_WaitOnFlagUntilTimeout
</UL>
<BR>[Called By]<UL><LI><a href="#[97]">&gt;&gt;</a>&nbsp;&nbsp;&nbsp;HAL_UART_Init
</UL>

<P><STRONG><a name="[99]"></a>UART_SetConfig</STRONG> (Thumb, 322 bytes, Stack size 16 bytes, stm32f0xx_hal_uart.o(i.UART_SetConfig))
<BR><BR>[Stack]<UL><LI>Max Depth = 96<LI>Call Chain = UART_SetConfig &rArr; HAL_RCC_GetSysClockFreq &rArr; __aeabi_uldivmod
</UL>
<BR>[Calls]<UL><LI><a href="#[90]">&gt;&gt;</a>&nbsp;&nbsp;&nbsp;HAL_RCC_GetSysClockFreq
<LI><a href="#[c6]">&gt;&gt;</a>&nbsp;&nbsp;&nbsp;HAL_RCC_GetPCLK1Freq
<LI><a href="#[83]">&gt;&gt;</a>&nbsp;&nbsp;&nbsp;__aeabi_uidivmod
</UL>
<BR>[Called By]<UL><LI><a href="#[97]">&gt;&gt;</a>&nbsp;&nbsp;&nbsp;HAL_UART_Init
</UL>

<P><STRONG><a name="[9d]"></a>UART_WaitOnFlagUntilTimeout</STRONG> (Thumb, 212 bytes, Stack size 40 bytes, stm32f0xx_hal_uart.o(i.UART_WaitOnFlagUntilTimeout))
<BR><BR>[Stack]<UL><LI>Max Depth = 40<LI>Call Chain = UART_WaitOnFlagUntilTimeout
</UL>
<BR>[Calls]<UL><LI><a href="#[8e]">&gt;&gt;</a>&nbsp;&nbsp;&nbsp;HAL_GetTick
</UL>
<BR>[Called By]<UL><LI><a href="#[9c]">&gt;&gt;</a>&nbsp;&nbsp;&nbsp;HAL_UART_Transmit
<LI><a href="#[9b]">&gt;&gt;</a>&nbsp;&nbsp;&nbsp;UART_CheckIdleState
</UL>

<P><STRONG><a name="[8b]"></a>USB_DevInit</STRONG> (Thumb, 18 bytes, Stack size 0 bytes, stm32f0xx_ll_usb.o(i.USB_DevInit))
<BR><BR>[Called By]<UL><LI><a href="#[87]">&gt;&gt;</a>&nbsp;&nbsp;&nbsp;HAL_PCD_Init
</UL>

<P><STRONG><a name="[89]"></a>USB_DisableGlobalInt</STRONG> (Thumb, 14 bytes, Stack size 0 bytes, stm32f0xx_ll_usb.o(i.USB_DisableGlobalInt))
<BR><BR>[Called By]<UL><LI><a href="#[87]">&gt;&gt;</a>&nbsp;&nbsp;&nbsp;HAL_PCD_Init
</UL>

<P><STRONG><a name="[92]"></a>__ARM_common_ll_muluu</STRONG> (Thumb, 48 bytes, Stack size 24 bytes, stm32f0xx_hal_rcc.o(i.__ARM_common_ll_muluu))
<BR><BR>[Stack]<UL><LI>Max Depth = 24<LI>Call Chain = __ARM_common_ll_muluu
</UL>
<BR>[Called By]<UL><LI><a href="#[90]">&gt;&gt;</a>&nbsp;&nbsp;&nbsp;HAL_RCC_GetSysClockFreq
</UL>

<P><STRONG><a name="[64]"></a>main</STRONG> (Thumb, 272 bytes, Stack size 0 bytes, main.o(i.main))
<BR><BR>[Stack]<UL><LI>Max Depth = 216 + Unknown Stack Size
<LI>Call Chain = main &rArr; SystemClock_Config &rArr; HAL_RCC_ClockConfig &rArr; HAL_RCC_GetSysClockFreq &rArr; __aeabi_uldivmod
</UL>
<BR>[Calls]<UL><LI><a href="#[c9]">&gt;&gt;</a>&nbsp;&nbsp;&nbsp;tsl_user_Exec
<LI><a href="#[a3]">&gt;&gt;</a>&nbsp;&nbsp;&nbsp;MX_TOUCHSENSING_Init
<LI><a href="#[c7]">&gt;&gt;</a>&nbsp;&nbsp;&nbsp;InitFaderBank
<LI><a href="#[9c]">&gt;&gt;</a>&nbsp;&nbsp;&nbsp;HAL_UART_Transmit
<LI><a href="#[87]">&gt;&gt;</a>&nbsp;&nbsp;&nbsp;HAL_PCD_Init
<LI><a href="#[80]">&gt;&gt;</a>&nbsp;&nbsp;&nbsp;HAL_Init
<LI><a href="#[9f]">&gt;&gt;</a>&nbsp;&nbsp;&nbsp;HAL_GPIO_WritePin
<LI><a href="#[c8]">&gt;&gt;</a>&nbsp;&nbsp;&nbsp;HAL_GPIO_TogglePin
<LI><a href="#[a9]">&gt;&gt;</a>&nbsp;&nbsp;&nbsp;SystemClock_Config
<LI><a href="#[a6]">&gt;&gt;</a>&nbsp;&nbsp;&nbsp;MX_USART3_UART_Init
<LI><a href="#[a5]">&gt;&gt;</a>&nbsp;&nbsp;&nbsp;MX_TSC_Init
<LI><a href="#[a0]">&gt;&gt;</a>&nbsp;&nbsp;&nbsp;MX_I2C1_Init
<LI><a href="#[9e]">&gt;&gt;</a>&nbsp;&nbsp;&nbsp;MX_GPIO_Init
<LI><a href="#[6a]">&gt;&gt;</a>&nbsp;&nbsp;&nbsp;__2sprintf
</UL>
<BR>[Called By]<UL><LI><a href="#[63]">&gt;&gt;</a>&nbsp;&nbsp;&nbsp;__rt_entry_main
</UL>

<P><STRONG><a name="[c9]"></a>tsl_user_Exec</STRONG> (Thumb, 120 bytes, Stack size 16 bytes, tsl_user.o(i.tsl_user_Exec))
<BR><BR>[Stack]<UL><LI>Max Depth = 80<LI>Call Chain = tsl_user_Exec &rArr; TSL_ecs_Process &rArr; TSL_ecs_ProcessK
</UL>
<BR>[Calls]<UL><LI><a href="#[b5]">&gt;&gt;</a>&nbsp;&nbsp;&nbsp;TSL_tim_CheckDelay_ms
<LI><a href="#[c4]">&gt;&gt;</a>&nbsp;&nbsp;&nbsp;TSL_obj_GroupProcess
<LI><a href="#[b4]">&gt;&gt;</a>&nbsp;&nbsp;&nbsp;TSL_ecs_Process
<LI><a href="#[cc]">&gt;&gt;</a>&nbsp;&nbsp;&nbsp;TSL_dxs_FirstObj
<LI><a href="#[cb]">&gt;&gt;</a>&nbsp;&nbsp;&nbsp;TSL_acq_BankWaitEOC
<LI><a href="#[b0]">&gt;&gt;</a>&nbsp;&nbsp;&nbsp;TSL_acq_BankStartAcq
<LI><a href="#[ab]">&gt;&gt;</a>&nbsp;&nbsp;&nbsp;TSL_acq_BankGetResult
<LI><a href="#[ca]">&gt;&gt;</a>&nbsp;&nbsp;&nbsp;TSL_acq_BankConfig
</UL>
<BR>[Called By]<UL><LI><a href="#[64]">&gt;&gt;</a>&nbsp;&nbsp;&nbsp;main
</UL>

<P><STRONG><a name="[a4]"></a>tsl_user_Init</STRONG> (Thumb, 16 bytes, Stack size 8 bytes, tsl_user.o(i.tsl_user_Init))
<BR><BR>[Stack]<UL><LI>Max Depth = 32<LI>Call Chain = tsl_user_Init &rArr; TSL_obj_GroupInit
</UL>
<BR>[Calls]<UL><LI><a href="#[c3]">&gt;&gt;</a>&nbsp;&nbsp;&nbsp;TSL_obj_GroupInit
<LI><a href="#[aa]">&gt;&gt;</a>&nbsp;&nbsp;&nbsp;TSL_Init
</UL>
<BR>[Called By]<UL><LI><a href="#[a3]">&gt;&gt;</a>&nbsp;&nbsp;&nbsp;MX_TOUCHSENSING_Init
</UL>
<P>
<H3>
Local Symbols
</H3>
<P><STRONG><a name="[9e]"></a>MX_GPIO_Init</STRONG> (Thumb, 130 bytes, Stack size 40 bytes, main.o(i.MX_GPIO_Init))
<BR><BR>[Stack]<UL><LI>Max Depth = 64<LI>Call Chain = MX_GPIO_Init &rArr; HAL_GPIO_Init
</UL>
<BR>[Calls]<UL><LI><a href="#[9f]">&gt;&gt;</a>&nbsp;&nbsp;&nbsp;HAL_GPIO_WritePin
<LI><a href="#[7f]">&gt;&gt;</a>&nbsp;&nbsp;&nbsp;HAL_GPIO_Init
<LI><a href="#[7e]">&gt;&gt;</a>&nbsp;&nbsp;&nbsp;__aeabi_memclr4
</UL>
<BR>[Called By]<UL><LI><a href="#[64]">&gt;&gt;</a>&nbsp;&nbsp;&nbsp;main
</UL>

<P><STRONG><a name="[a0]"></a>MX_I2C1_Init</STRONG> (Thumb, 76 bytes, Stack size 8 bytes, main.o(i.MX_I2C1_Init))
<BR><BR>[Stack]<UL><LI>Max Depth = 80<LI>Call Chain = MX_I2C1_Init &rArr; HAL_I2C_Init &rArr; HAL_I2C_MspInit &rArr; HAL_GPIO_Init
</UL>
<BR>[Calls]<UL><LI><a href="#[7c]">&gt;&gt;</a>&nbsp;&nbsp;&nbsp;HAL_I2C_Init
<LI><a href="#[a2]">&gt;&gt;</a>&nbsp;&nbsp;&nbsp;HAL_I2CEx_ConfigDigitalFilter
<LI><a href="#[a1]">&gt;&gt;</a>&nbsp;&nbsp;&nbsp;HAL_I2CEx_ConfigAnalogFilter
</UL>
<BR>[Called By]<UL><LI><a href="#[64]">&gt;&gt;</a>&nbsp;&nbsp;&nbsp;main
</UL>

<P><STRONG><a name="[a5]"></a>MX_TSC_Init</STRONG> (Thumb, 72 bytes, Stack size 8 bytes, main.o(i.MX_TSC_Init))
<BR><BR>[Stack]<UL><LI>Max Depth = 96<LI>Call Chain = MX_TSC_Init &rArr; HAL_TSC_Init &rArr; HAL_TSC_MspInit &rArr; HAL_GPIO_Init
</UL>
<BR>[Calls]<UL><LI><a href="#[94]">&gt;&gt;</a>&nbsp;&nbsp;&nbsp;HAL_TSC_Init
</UL>
<BR>[Called By]<UL><LI><a href="#[64]">&gt;&gt;</a>&nbsp;&nbsp;&nbsp;main
</UL>

<P><STRONG><a name="[a6]"></a>MX_USART3_UART_Init</STRONG> (Thumb, 48 bytes, Stack size 8 bytes, main.o(i.MX_USART3_UART_Init))
<BR><BR>[Stack]<UL><LI>Max Depth = 112<LI>Call Chain = MX_USART3_UART_Init &rArr; HAL_UART_Init &rArr; UART_SetConfig &rArr; HAL_RCC_GetSysClockFreq &rArr; __aeabi_uldivmod
</UL>
<BR>[Calls]<UL><LI><a href="#[97]">&gt;&gt;</a>&nbsp;&nbsp;&nbsp;HAL_UART_Init
</UL>
<BR>[Called By]<UL><LI><a href="#[64]">&gt;&gt;</a>&nbsp;&nbsp;&nbsp;main
</UL>

<P><STRONG><a name="[86]"></a>__NVIC_SetPriority</STRONG> (Thumb, 60 bytes, Stack size 0 bytes, stm32f0xx_hal_cortex.o(i.__NVIC_SetPriority))
<BR><BR>[Called By]<UL><LI><a href="#[84]">&gt;&gt;</a>&nbsp;&nbsp;&nbsp;HAL_SYSTICK_Config
<LI><a href="#[85]">&gt;&gt;</a>&nbsp;&nbsp;&nbsp;HAL_NVIC_SetPriority
</UL>

<P><STRONG><a name="[96]"></a>TSC_extract_groups</STRONG> (Thumb, 36 bytes, Stack size 16 bytes, stm32f0xx_hal_tsc.o(i.TSC_extract_groups))
<BR><BR>[Stack]<UL><LI>Max Depth = 16<LI>Call Chain = TSC_extract_groups
</UL>
<BR>[Called By]<UL><LI><a href="#[94]">&gt;&gt;</a>&nbsp;&nbsp;&nbsp;HAL_TSC_Init
</UL>

<P><STRONG><a name="[b1]"></a>SoftDelay</STRONG> (Thumb, 20 bytes, Stack size 8 bytes, tsl_acq_tsc.o(i.SoftDelay))
<BR><BR>[Stack]<UL><LI>Max Depth = 8<LI>Call Chain = SoftDelay
</UL>
<BR>[Called By]<UL><LI><a href="#[b0]">&gt;&gt;</a>&nbsp;&nbsp;&nbsp;TSL_acq_BankStartAcq
</UL>

<P><STRONG><a name="[2f]"></a>_printf_input_char</STRONG> (Thumb, 10 bytes, Stack size 0 bytes, _printf_char_common.o(.text))
<BR>[Address Reference Count : 1]<UL><LI> _printf_char_common.o(.text)
</UL><P>
<H3>
Undefined Global Symbols
</H3>
<P><STRONG><a name="[7a]"></a>_call_atexit_fns</STRONG> (ARM, 0 bytes, Stack size 0 bytes, UNDEFINED)
<BR><BR>[Called By]<UL><LI><a href="#[65]">&gt;&gt;</a>&nbsp;&nbsp;&nbsp;exit
</UL>

<P><STRONG><a name="[77]"></a>_printf_post_padding</STRONG> (ARM, 0 bytes, Stack size 0 bytes, UNDEFINED)
<BR><BR>[Called By]<UL><LI><a href="#[71]">&gt;&gt;</a>&nbsp;&nbsp;&nbsp;_printf_int_common
</UL>

<P><STRONG><a name="[76]"></a>_printf_pre_padding</STRONG> (ARM, 0 bytes, Stack size 0 bytes, UNDEFINED)
<BR><BR>[Called By]<UL><LI><a href="#[71]">&gt;&gt;</a>&nbsp;&nbsp;&nbsp;_printf_int_common
</UL>

<P><STRONG><a name="[6e]"></a>_printf_truncate_signed</STRONG> (ARM, 0 bytes, Stack size 0 bytes, UNDEFINED)
<BR><BR>[Called By]<UL><LI><a href="#[5e]">&gt;&gt;</a>&nbsp;&nbsp;&nbsp;_printf_int_dec
</UL>

<P><STRONG><a name="[6f]"></a>_printf_truncate_unsigned</STRONG> (ARM, 0 bytes, Stack size 0 bytes, UNDEFINED)
<BR><BR>[Called By]<UL><LI><a href="#[5e]">&gt;&gt;</a>&nbsp;&nbsp;&nbsp;_printf_int_dec
</UL>
<HR></body></html>
